Jan 17 00:00:01 freshpi rsyslogd:  [origin software="rsyslogd" swVersion="8.1901.0" x-pid="404" x-info="https://www.rsyslog.com"] rsyslogd was HUPed
Jan 17 00:00:05 freshpi kernel: [29812.541207] Voltage normalised (0x00000000)
Jan 17 00:00:06 freshpi colord[1114]: failed to get session [pid 10362]: No data available
Jan 17 00:00:07 freshpi colord[1114]: failed to get session [pid 10362]: No data available
Jan 17 00:30:21 freshpi kernel: [31628.385092] Voltage normalised (0x00000000)
Jan 17 00:50:07 freshpi kernel: [32813.987696] Voltage normalised (0x00000000)
Jan 17 03:41:10 freshpi kernel: [43076.730080] Voltage normalised (0x00000000)
Jan 17 03:46:03 freshpi kernel: [43251.770741] task:kworker/1:0     state:D stack:    0 pid:13894 ppid:     2 flags:0x00000000
Jan 17 03:47:12 freshpi kernel: [43251.770786] Workqueue: events_freezable mmc_rescan
Jan 17 03:48:08 freshpi kernel: [43251.770808] Backtrace: 
Jan 17 03:48:52 freshpi kernel: [43251.770844] [<809e46f8>] (__schedule) from [<809e50c8>] (schedule+0x68/0xe4)
Jan 17 03:49:41 freshpi kernel: [43251.770867]  r10:81e51800 r9:ffffe000 r8:00000000 r7:00000000 r6:60000113 r5:8f07ec80
Jan 17 03:50:51 freshpi kernel: [43251.770880]  r4:ffffe000
Jan 17 03:51:41 freshpi kernel: [43251.770901] [<809e5060>] (schedule) from [<807f6b88>] (__mmc_claim_host+0xe0/0x238)
Jan 17 03:52:07 freshpi kernel: [43251.770917]  r5:81e51a18 r4:00000002
Jan 17 03:54:39 freshpi kernel: [43251.770937] [<807f6aa8>] (__mmc_claim_host) from [<807f6d18>] (mmc_get_card+0x38/0x3c)
Jan 17 03:55:54 freshpi kernel: [43251.770958]  r10:af8d5640 r9:00000000 r8:af8d8c00 r7:00000040 r6:81e51a18 r5:00000000
Jan 17 03:56:19 freshpi kernel: [43251.770971]  r4:81e52800
Jan 17 03:56:19 freshpi kernel: [43251.770996] [<807f6ce0>] (mmc_get_card) from [<80800930>] (mmc_sd_detect+0x24/0x7c)
Jan 17 03:56:19 freshpi kernel: [43251.771011]  r5:81e51800 r4:81e51800
Jan 17 03:56:19 freshpi kernel: [43251.771035] [<8080090c>] (mmc_sd_detect) from [<807f9550>] (mmc_rescan+0xdc/0x3b0)
Jan 17 03:56:19 freshpi kernel: [43251.771050]  r5:81e51800 r4:81e51a7c
Jan 17 03:56:19 freshpi kernel: [43251.771075] [<807f9474>] (mmc_rescan) from [<8013b78c>] (process_one_work+0x254/0x584)
Jan 17 03:56:19 freshpi kernel: [43251.771096]  r9:00000000 r8:af8d8c00 r7:00000040 r6:af8d5640 r5:95798e80 r4:81e51a7c
Jan 17 03:56:19 freshpi kernel: [43251.771119] [<8013b538>] (process_one_work) from [<8013bb1c>] (worker_thread+0x60/0x5c4)
Jan 17 03:56:19 freshpi kernel: [43251.771139]  r10:af8d5640 r9:80e03d00 r8:af8d5658 r7:00000008 r6:af8d5640 r5:95798e94
Jan 17 03:56:19 freshpi kernel: [43251.771154]  r4:95798e80
Jan 17 03:56:19 freshpi kernel: [43251.771184] [<8013babc>] (worker_thread) from [<801435a4>] (kthread+0x170/0x174)
Jan 17 03:56:19 freshpi kernel: [43251.771206]  r10:a25a3e74 r9:95798e80 r8:8013babc r7:a2572000 r6:00000000 r5:a278eb80
Jan 17 03:56:19 freshpi kernel: [43251.771219]  r4:a273a500
Jan 17 03:56:19 freshpi kernel: [43251.771241] [<80143434>] (kthread) from [<801000ec>] (ret_from_fork+0x14/0x28)
Jan 17 03:56:19 freshpi kernel: [43251.771255] Exception stack(0xa2573fb0 to 0xa2573ff8)
Jan 17 03:56:19 freshpi kernel: [43251.771271] 3fa0:                                     00000000 00000000 00000000 00000000
Jan 17 03:56:19 freshpi kernel: [43251.771291] 3fc0: 00000000 00000000 00000000 00000000 00000000 00000000 00000000 00000000
Jan 17 03:56:19 freshpi kernel: [43251.771308] 3fe0: 00000000 00000000 00000000 00000000 00000013 00000000
Jan 17 03:56:19 freshpi kernel: [43251.771329]  r10:00000000 r9:00000000 r8:00000000 r7:00000000 r6:00000000 r5:80143434
Jan 17 03:56:19 freshpi kernel: [43251.771342]  r4:a278eb80
Jan 17 03:56:19 freshpi kernel: [43374.651072] task:kworker/1:0     state:D stack:    0 pid:13894 ppid:     2 flags:0x00000000
Jan 17 03:56:19 freshpi kernel: [43374.651118] Workqueue: events_freezable mmc_rescan
Jan 17 03:56:19 freshpi kernel: [43374.651142] Backtrace: 
Jan 17 03:56:19 freshpi kernel: [43374.651178] [<809e46f8>] (__schedule) from [<809e50c8>] (schedule+0x68/0xe4)
Jan 17 03:56:19 freshpi kernel: [43374.651202]  r10:81e51800 r9:ffffe000 r8:00000000 r7:00000000 r6:60000113 r5:8f07ec80
Jan 17 03:56:19 freshpi kernel: [43374.651216]  r4:ffffe000
Jan 17 03:56:19 freshpi kernel: [43374.651237] [<809e5060>] (schedule) from [<807f6b88>] (__mmc_claim_host+0xe0/0x238)
Jan 17 03:56:19 freshpi kernel: [43374.651252]  r5:81e51a18 r4:00000002
Jan 17 03:56:19 freshpi kernel: [43374.651272] [<807f6aa8>] (__mmc_claim_host) from [<807f6d18>] (mmc_get_card+0x38/0x3c)
Jan 17 03:56:19 freshpi kernel: [43374.651293]  r10:af8d5640 r9:00000000 r8:af8d8c00 r7:00000040 r6:81e51a18 r5:00000000
Jan 17 03:56:19 freshpi kernel: [43374.651306]  r4:81e52800
Jan 17 03:56:19 freshpi kernel: [43374.651332] [<807f6ce0>] (mmc_get_card) from [<80800930>] (mmc_sd_detect+0x24/0x7c)
Jan 17 03:56:19 freshpi kernel: [43374.651347]  r5:81e51800 r4:81e51800
Jan 17 03:56:19 freshpi kernel: [43374.651370] [<8080090c>] (mmc_sd_detect) from [<807f9550>] (mmc_rescan+0xdc/0x3b0)
Jan 17 03:56:19 freshpi kernel: [43374.651385]  r5:81e51800 r4:81e51a7c
Jan 17 03:56:19 freshpi kernel: [43374.651410] [<807f9474>] (mmc_rescan) from [<8013b78c>] (process_one_work+0x254/0x584)
Jan 17 03:56:19 freshpi kernel: [43374.651431]  r9:00000000 r8:af8d8c00 r7:00000040 r6:af8d5640 r5:95798e80 r4:81e51a7c
Jan 17 03:56:19 freshpi kernel: [43374.651455] [<8013b538>] (process_one_work) from [<8013bb1c>] (worker_thread+0x60/0x5c4)
Jan 17 03:56:19 freshpi kernel: [43374.651476]  r10:af8d5640 r9:80e03d00 r8:af8d5658 r7:00000008 r6:af8d5640 r5:95798e94
Jan 17 03:56:19 freshpi kernel: [43374.651489]  r4:95798e80
Jan 17 03:56:19 freshpi kernel: [43374.651512] [<8013babc>] (worker_thread) from [<801435a4>] (kthread+0x170/0x174)
Jan 17 03:56:19 freshpi kernel: [43374.651533]  r10:a25a3e74 r9:95798e80 r8:8013babc r7:a2572000 r6:00000000 r5:a278eb80
Jan 17 03:56:19 freshpi kernel: [43374.651546]  r4:a273a500
Jan 17 03:56:19 freshpi kernel: [43374.651568] [<80143434>] (kthread) from [<801000ec>] (ret_from_fork+0x14/0x28)
Jan 17 03:56:19 freshpi kernel: [43374.651582] Exception stack(0xa2573fb0 to 0xa2573ff8)
Jan 17 03:56:19 freshpi kernel: [43374.651599] 3fa0:                                     00000000 00000000 00000000 00000000
Jan 17 03:56:19 freshpi kernel: [43374.651618] 3fc0: 00000000 00000000 00000000 00000000 00000000 00000000 00000000 00000000
Jan 17 03:56:19 freshpi kernel: [43374.651636] 3fe0: 00000000 00000000 00000000 00000000 00000013 00000000
Jan 17 03:56:19 freshpi kernel: [43374.651656]  r10:00000000 r9:00000000 r8:00000000 r7:00000000 r6:00000000 r5:80143434
Jan 17 03:56:19 freshpi kernel: [43374.651670]  r4:a278eb80
Jan 17 03:56:19 freshpi kernel: [43497.531425] task:kworker/1:0     state:D stack:    0 pid:13894 ppid:     2 flags:0x00000000
Jan 17 03:56:19 freshpi kernel: [43497.531471] Workqueue: events_freezable mmc_rescan
Jan 17 03:56:19 freshpi kernel: [43497.531494] Backtrace: 
Jan 17 03:56:19 freshpi kernel: [43497.531530] [<809e46f8>] (__schedule) from [<809e50c8>] (schedule+0x68/0xe4)
Jan 17 03:56:19 freshpi kernel: [43497.531553]  r10:81e51800 r9:ffffe000 r8:00000000 r7:00000000 r6:60000113 r5:8f07ec80
Jan 17 03:56:19 freshpi kernel: [43497.531566]  r4:ffffe000
Jan 17 03:56:19 freshpi kernel: [43497.531587] [<809e5060>] (schedule) from [<807f6b88>] (__mmc_claim_host+0xe0/0x238)
Jan 17 03:56:19 freshpi kernel: [43497.531603]  r5:81e51a18 r4:00000002
Jan 17 03:56:19 freshpi kernel: [43497.531623] [<807f6aa8>] (__mmc_claim_host) from [<807f6d18>] (mmc_get_card+0x38/0x3c)
Jan 17 03:56:19 freshpi kernel: [43497.531644]  r10:af8d5640 r9:00000000 r8:af8d8c00 r7:00000040 r6:81e51a18 r5:00000000
Jan 17 03:56:19 freshpi kernel: [43497.531657]  r4:81e52800
Jan 17 03:56:19 freshpi kernel: [43497.531682] [<807f6ce0>] (mmc_get_card) from [<80800930>] (mmc_sd_detect+0x24/0x7c)
Jan 17 03:56:19 freshpi kernel: [43497.531697]  r5:81e51800 r4:81e51800
Jan 17 03:56:19 freshpi kernel: [43497.531720] [<8080090c>] (mmc_sd_detect) from [<807f9550>] (mmc_rescan+0xdc/0x3b0)
Jan 17 03:56:19 freshpi kernel: [43497.531735]  r5:81e51800 r4:81e51a7c
Jan 17 03:56:19 freshpi kernel: [43497.531760] [<807f9474>] (mmc_rescan) from [<8013b78c>] (process_one_work+0x254/0x584)
Jan 17 03:56:19 freshpi kernel: [43497.531780]  r9:00000000 r8:af8d8c00 r7:00000040 r6:af8d5640 r5:95798e80 r4:81e51a7c
Jan 17 03:56:19 freshpi kernel: [43497.531804] [<8013b538>] (process_one_work) from [<8013bb1c>] (worker_thread+0x60/0x5c4)
Jan 17 03:56:19 freshpi kernel: [43497.531825]  r10:af8d5640 r9:80e03d00 r8:af8d5658 r7:00000008 r6:af8d5640 r5:95798e94
Jan 17 03:56:19 freshpi kernel: [43497.531838]  r4:95798e80
Jan 17 03:56:19 freshpi kernel: [43497.531861] [<8013babc>] (worker_thread) from [<801435a4>] (kthread+0x170/0x174)
Jan 17 03:56:19 freshpi kernel: [43497.531882]  r10:a25a3e74 r9:95798e80 r8:8013babc r7:a2572000 r6:00000000 r5:a278eb80
Jan 17 03:56:19 freshpi kernel: [43497.531895]  r4:a273a500
Jan 17 03:56:19 freshpi kernel: [43497.531917] [<80143434>] (kthread) from [<801000ec>] (ret_from_fork+0x14/0x28)
Jan 17 03:56:19 freshpi kernel: [43497.531931] Exception stack(0xa2573fb0 to 0xa2573ff8)
Jan 17 03:56:19 freshpi kernel: [43497.531948] 3fa0:                                     00000000 00000000 00000000 00000000
Jan 17 03:56:19 freshpi kernel: [43497.531967] 3fc0: 00000000 00000000 00000000 00000000 00000000 00000000 00000000 00000000
Jan 17 03:56:19 freshpi kernel: [43497.531985] 3fe0: 00000000 00000000 00000000 00000000 00000013 00000000
Jan 17 03:56:19 freshpi kernel: [43497.532005]  r10:00000000 r9:00000000 r8:00000000 r7:00000000 r6:00000000 r5:80143434
Jan 17 03:56:19 freshpi kernel: [43497.532019]  r4:a278eb80
Jan 17 03:56:19 freshpi kernel: [43620.421676] task:kworker/1:0     state:D stack:    0 pid:13894 ppid:     2 flags:0x00000000
Jan 17 03:56:19 freshpi kernel: [43620.421721] Workqueue: events_freezable mmc_rescan
Jan 17 03:56:19 freshpi kernel: [43620.421744] Backtrace: 
Jan 17 03:56:19 freshpi kernel: [43620.421779] [<809e46f8>] (__schedule) from [<809e50c8>] (schedule+0x68/0xe4)
Jan 17 03:56:19 freshpi kernel: [43620.421802]  r10:81e51800 r9:ffffe000 r8:00000000 r7:00000000 r6:60000113 r5:8f07ec80
Jan 17 03:56:19 freshpi kernel: [43620.421815]  r4:ffffe000
Jan 17 03:56:19 freshpi kernel: [43620.421837] [<809e5060>] (schedule) from [<807f6b88>] (__mmc_claim_host+0xe0/0x238)
Jan 17 03:56:19 freshpi kernel: [43620.421852]  r5:81e51a18 r4:00000002
Jan 17 03:56:19 freshpi kernel: [43620.421872] [<807f6aa8>] (__mmc_claim_host) from [<807f6d18>] (mmc_get_card+0x38/0x3c)
Jan 17 03:56:19 freshpi kernel: [43620.421893]  r10:af8d5640 r9:00000000 r8:af8d8c00 r7:00000040 r6:81e51a18 r5:00000000
Jan 17 03:56:19 freshpi kernel: [43620.421907]  r4:81e52800
Jan 17 03:56:19 freshpi kernel: [43620.421932] [<807f6ce0>] (mmc_get_card) from [<80800930>] (mmc_sd_detect+0x24/0x7c)
Jan 17 03:56:19 freshpi kernel: [43620.421947]  r5:81e51800 r4:81e51800
Jan 17 03:56:19 freshpi kernel: [43620.421970] [<8080090c>] (mmc_sd_detect) from [<807f9550>] (mmc_rescan+0xdc/0x3b0)
Jan 17 03:56:19 freshpi kernel: [43620.421985]  r5:81e51800 r4:81e51a7c
Jan 17 03:56:19 freshpi kernel: [43620.422010] [<807f9474>] (mmc_rescan) from [<8013b78c>] (process_one_work+0x254/0x584)
Jan 17 03:56:19 freshpi kernel: [43620.422030]  r9:00000000 r8:af8d8c00 r7:00000040 r6:af8d5640 r5:95798e80 r4:81e51a7c
Jan 17 03:56:19 freshpi kernel: [43620.422054] [<8013b538>] (process_one_work) from [<8013bb1c>] (worker_thread+0x60/0x5c4)
Jan 17 03:56:19 freshpi kernel: [43620.422075]  r10:af8d5640 r9:80e03d00 r8:af8d5658 r7:00000008 r6:af8d5640 r5:95798e94
Jan 17 03:56:19 freshpi kernel: [43620.422088]  r4:95798e80
Jan 17 03:56:19 freshpi kernel: [43620.422110] [<8013babc>] (worker_thread) from [<801435a4>] (kthread+0x170/0x174)
Jan 17 03:56:19 freshpi kernel: [43620.422132]  r10:a25a3e74 r9:95798e80 r8:8013babc r7:a2572000 r6:00000000 r5:a278eb80
Jan 17 03:56:19 freshpi kernel: [43620.422145]  r4:a273a500
Jan 17 03:56:19 freshpi kernel: [43620.422167] [<80143434>] (kthread) from [<801000ec>] (ret_from_fork+0x14/0x28)
Jan 17 03:56:19 freshpi kernel: [43620.422181] Exception stack(0xa2573fb0 to 0xa2573ff8)
Jan 17 03:56:19 freshpi kernel: [43620.422198] 3fa0:                                     00000000 00000000 00000000 00000000
Jan 17 03:56:19 freshpi kernel: [43620.422217] 3fc0: 00000000 00000000 00000000 00000000 00000000 00000000 00000000 00000000
Jan 17 03:56:19 freshpi kernel: [43620.422234] 3fe0: 00000000 00000000 00000000 00000000 00000013 00000000
Jan 17 03:56:19 freshpi kernel: [43620.422255]  r10:00000000 r9:00000000 r8:00000000 r7:00000000 r6:00000000 r5:80143434
Jan 17 03:56:19 freshpi kernel: [43620.422268]  r4:a278eb80
Jan 17 03:56:19 freshpi kernel: [43743.292006] task:kworker/1:0     state:D stack:    0 pid:13894 ppid:     2 flags:0x00000000
Jan 17 03:56:19 freshpi kernel: [43743.292055] Workqueue: events_freezable mmc_rescan
Jan 17 03:56:19 freshpi kernel: [43743.292077] Backtrace: 
Jan 17 03:56:19 freshpi kernel: [43743.292115] [<809e46f8>] (__schedule) from [<809e50c8>] (schedule+0x68/0xe4)
Jan 17 03:56:19 freshpi kernel: [43743.292137]  r10:81e51800 r9:ffffe000 r8:00000000 r7:00000000 r6:60000113 r5:8f07ec80
Jan 17 03:56:19 freshpi kernel: [43743.292151]  r4:ffffe000
Jan 17 03:56:19 freshpi kernel: [43743.292173] [<809e5060>] (schedule) from [<807f6b88>] (__mmc_claim_host+0xe0/0x238)
Jan 17 03:56:19 freshpi kernel: [43743.292188]  r5:81e51a18 r4:00000002
Jan 17 03:56:19 freshpi kernel: [43743.292208] [<807f6aa8>] (__mmc_claim_host) from [<807f6d18>] (mmc_get_card+0x38/0x3c)
Jan 17 03:56:19 freshpi kernel: [43743.292229]  r10:af8d5640 r9:00000000 r8:af8d8c00 r7:00000040 r6:81e51a18 r5:00000000
Jan 17 03:56:19 freshpi kernel: [43743.292243]  r4:81e52800
Jan 17 03:56:19 freshpi kernel: [43743.292267] [<807f6ce0>] (mmc_get_card) from [<80800930>] (mmc_sd_detect+0x24/0x7c)
Jan 17 03:56:19 freshpi kernel: [43743.292282]  r5:81e51800 r4:81e51800
Jan 17 03:56:19 freshpi kernel: [43743.292306] [<8080090c>] (mmc_sd_detect) from [<807f9550>] (mmc_rescan+0xdc/0x3b0)
Jan 17 03:56:19 freshpi kernel: [43743.292321]  r5:81e51800 r4:81e51a7c
Jan 17 03:56:19 freshpi kernel: [43743.292345] [<807f9474>] (mmc_rescan) from [<8013b78c>] (process_one_work+0x254/0x584)
Jan 17 03:56:19 freshpi kernel: [43743.292367]  r9:00000000 r8:af8d8c00 r7:00000040 r6:af8d5640 r5:95798e80 r4:81e51a7c
Jan 17 03:56:19 freshpi kernel: [43743.292390] [<8013b538>] (process_one_work) from [<8013bb1c>] (worker_thread+0x60/0x5c4)
Jan 17 03:56:19 freshpi kernel: [43743.292411]  r10:af8d5640 r9:80e03d00 r8:af8d5658 r7:00000008 r6:af8d5640 r5:95798e94
Jan 17 03:56:19 freshpi kernel: [43743.292424]  r4:95798e80
Jan 17 03:56:19 freshpi kernel: [43743.292447] [<8013babc>] (worker_thread) from [<801435a4>] (kthread+0x170/0x174)
Jan 17 03:56:19 freshpi kernel: [43743.292469]  r10:a25a3e74 r9:95798e80 r8:8013babc r7:a2572000 r6:00000000 r5:a278eb80
Jan 17 03:56:19 freshpi kernel: [43743.292481]  r4:a273a500
Jan 17 03:56:19 freshpi kernel: [43743.292505] [<80143434>] (kthread) from [<801000ec>] (ret_from_fork+0x14/0x28)
Jan 17 03:56:19 freshpi kernel: [43743.292519] Exception stack(0xa2573fb0 to 0xa2573ff8)
Jan 17 03:56:19 freshpi kernel: [43743.292536] 3fa0:                                     00000000 00000000 00000000 00000000
Jan 17 03:56:19 freshpi kernel: [43743.292556] 3fc0: 00000000 00000000 00000000 00000000 00000000 00000000 00000000 00000000
Jan 17 03:56:19 freshpi kernel: [43743.292573] 3fe0: 00000000 00000000 00000000 00000000 00000013 00000000
Jan 17 03:56:19 freshpi kernel: [43743.292594]  r10:00000000 r9:00000000 r8:00000000 r7:00000000 r6:00000000 r5:80143434
Jan 17 03:56:19 freshpi kernel: [43743.292607]  r4:a278eb80
Jan 17 03:56:19 freshpi kernel: [43985.262123] automount invoked oom-killer: gfp_mask=0x100cca(GFP_HIGHUSER_MOVABLE), order=0, oom_score_adj=0
Jan 17 03:56:19 freshpi kernel: [43985.262155] CPU: 2 PID: 14279 Comm: automount Tainted: G         C        5.10.7-v7+ #1394
Jan 17 03:56:19 freshpi kernel: [43985.262163] Hardware name: BCM2835
Jan 17 03:56:19 freshpi kernel: [43985.262171] Backtrace: 
Jan 17 03:56:19 freshpi kernel: [43985.262207] [<809db578>] (dump_backtrace) from [<809db908>] (show_stack+0x20/0x24)
Jan 17 03:56:19 freshpi kernel: [43985.262224]  r7:ffffffff r6:00000000 r5:60000113 r4:80ee5d14
Jan 17 03:56:19 freshpi kernel: [43985.262242] [<809db8e8>] (show_stack) from [<809dfabc>] (dump_stack+0xcc/0xf8)
Jan 17 03:56:19 freshpi kernel: [43985.262261] [<809df9f0>] (dump_stack) from [<809dddac>] (dump_header+0x64/0x208)
Jan 17 03:56:19 freshpi kernel: [43985.262278]  r10:80e05144 r9:00100cca r8:00000000 r7:80c12138 r6:89161200 r5:8c540f80
Jan 17 03:56:19 freshpi kernel: [43985.262287]  r4:85f4dd50 r3:9fae03d7
Jan 17 03:56:19 freshpi kernel: [43985.262308] [<809ddd48>] (dump_header) from [<802affd8>] (oom_kill_process+0x1b4/0x1c0)
Jan 17 03:56:19 freshpi kernel: [43985.262322]  r7:80c12138 r6:85f4dd50 r5:8c541500 r4:8c540f80
Jan 17 03:56:19 freshpi kernel: [43985.262339] [<802afe24>] (oom_kill_process) from [<802b0b30>] (out_of_memory+0x2b8/0x390)
Jan 17 03:56:19 freshpi kernel: [43985.262352]  r7:80e083c0 r6:80e05008 r5:8c540f80 r4:85f4dd50
Jan 17 03:56:19 freshpi kernel: [43985.262372] [<802b0878>] (out_of_memory) from [<802ffcc4>] (__alloc_pages_nodemask+0x7ec/0x1184)
Jan 17 03:56:19 freshpi kernel: [43985.262385]  r7:80e05784 r6:00000000 r5:ffffe000 r4:00400040
Jan 17 03:56:19 freshpi kernel: [43985.262403] [<802ff4d8>] (__alloc_pages_nodemask) from [<802aa55c>] (pagecache_get_page+0x10c/0x34c)
Jan 17 03:56:19 freshpi kernel: [43985.262419]  r10:80f31699 r9:0000004e r8:80e059e4 r7:8210b150 r6:00100cca r5:00000044
Jan 17 03:56:19 freshpi kernel: [43985.262428]  r4:e8bc0003
Jan 17 03:56:19 freshpi kernel: [43985.262443] [<802aa450>] (pagecache_get_page) from [<802ac4bc>] (filemap_fault+0x638/0xb20)
Jan 17 03:56:19 freshpi kernel: [43985.262459]  r10:80e05008 r9:85f4dec8 r8:00000040 r7:892266c0 r6:85f4dec8 r5:892266c0
Jan 17 03:56:19 freshpi kernel: [43985.262467]  r4:8210b040
Jan 17 03:56:19 freshpi kernel: [43985.262486] [<802abe84>] (filemap_fault) from [<8042589c>] (ext4_filemap_fault+0x38/0x4c)
Jan 17 03:56:19 freshpi kernel: [43985.262502]  r10:85f4dfb0 r9:85f4dec8 r8:00000040 r7:00000043 r6:76c1b000 r5:85f4dec8
Jan 17 03:56:19 freshpi kernel: [43985.262510]  r4:8210b028
Jan 17 03:56:19 freshpi kernel: [43985.262528] [<80425864>] (ext4_filemap_fault) from [<802e32cc>] (__do_fault+0x48/0x14c)
Jan 17 03:56:19 freshpi kernel: [43985.262538]  r5:8c6b4360 r4:85f4dec8
Jan 17 03:56:19 freshpi kernel: [43985.262556] [<802e3284>] (__do_fault) from [<802e8388>] (handle_mm_fault+0xae8/0xe30)
Jan 17 03:56:19 freshpi kernel: [43985.262570]  r7:00000043 r6:76c1b000 r5:80e05008 r4:00000254
Jan 17 03:56:19 freshpi kernel: [43985.262589] [<802e78a0>] (handle_mm_fault) from [<809eb040>] (do_page_fault+0x144/0x314)
Jan 17 03:56:19 freshpi kernel: [43985.262605]  r10:00000254 r9:00000000 r8:83b79048 r7:83b79000 r6:80000007 r5:76c1b6c4
Jan 17 03:56:19 freshpi kernel: [43985.262613]  r4:85f4dfb0
Jan 17 03:56:19 freshpi kernel: [43985.262632] [<809eaefc>] (do_page_fault) from [<80113fe0>] (do_PrefetchAbort+0x48/0x9c)
Jan 17 03:56:19 freshpi kernel: [43985.262648]  r10:00000020 r9:00000020 r8:85f4dfb0 r7:76c1b6c4 r6:809eaefc r5:00000007
Jan 17 03:56:19 freshpi kernel: [43985.262656]  r4:80e0adf8
Jan 17 03:56:19 freshpi kernel: [43985.262673] [<80113f98>] (do_PrefetchAbort) from [<80101024>] (ret_from_exception+0x0/0x1c)
Jan 17 03:56:19 freshpi kernel: [43985.262683] Exception stack(0x85f4dfb0 to 0x85f4dff8)
Jan 17 03:56:19 freshpi kernel: [43985.262695] dfa0:                                     00000030 73dfb009 73dfb9ca 76ce8368
Jan 17 03:56:19 freshpi kernel: [43985.262710] dfc0: 00000000 73dfb450 0000000a 00000002 76d17c70 00000020 00000020 73dfb444
Jan 17 03:56:19 freshpi kernel: [43985.262723] dfe0: 00000000 73dfae38 76c1b288 76c1b6c4 a0000010 ffffffff
Jan 17 03:56:19 freshpi kernel: [43985.262738]  r8:10c5387d r7:10c5383d r6:ffffffff r5:a0000010 r4:76c1b6c4
Jan 17 03:56:19 freshpi kernel: [43985.262777] Mem-Info:
Jan 17 03:56:19 freshpi kernel: [43985.262806] active_anon:398 inactive_anon:172257 isolated_anon:0
Jan 17 03:56:19 freshpi kernel: [43985.262806]  active_file:1 inactive_file:290 isolated_file:0
Jan 17 03:56:19 freshpi kernel: [43985.262806]  unevictable:0 dirty:0 writeback:0
Jan 17 03:56:19 freshpi kernel: [43985.262806]  slab_reclaimable:4288 slab_unreclaimable:4491
Jan 17 03:56:19 freshpi kernel: [43985.262806]  mapped:536 shmem:1658 pagetables:1157 bounce:0
Jan 17 03:56:19 freshpi kernel: [43985.262806]  free:4059 free_pcp:0 free_cma:16
Jan 17 03:56:19 freshpi kernel: [43985.262831] Node 0 active_anon:1592kB inactive_anon:689028kB active_file:4kB inactive_file:1160kB unevictable:0kB isolated(anon):0kB isolated(file):0kB mapped:2144kB dirty:0kB writeback:0kB shmem:6632kB writeback_tmp:0kB kernel_stack:1760kB all_unreclaimable? no
Jan 17 03:56:19 freshpi kernel: [43985.262860] DMA free:16236kB min:16384kB low:20480kB high:24576kB reserved_highatomic:0KB active_anon:1592kB inactive_anon:689028kB active_file:916kB inactive_file:0kB unevictable:0kB writepending:0kB present:786432kB managed:763692kB mlocked:0kB pagetables:4628kB bounce:0kB free_pcp:0kB local_pcp:0kB free_cma:64kB
Jan 17 03:56:19 freshpi kernel: [43985.262871] lowmem_reserve[]: 0 0 0
Jan 17 03:56:19 freshpi kernel: [43985.262922] DMA: 622*4kB (UMEC) 558*8kB (UME) 273*16kB (UMEC) 65*32kB (UMEC) 32*64kB (UME) 12*128kB (UME) 1*256kB (M) 0*512kB 0*1024kB 0*2048kB 0*4096kB = 17240kB
Jan 17 03:56:19 freshpi kernel: [43985.263127] 2002 total pagecache pages
Jan 17 03:56:19 freshpi kernel: [43985.263141] 0 pages in swap cache
Jan 17 03:56:19 freshpi kernel: [43985.263154] Swap cache stats: add 0, delete 0, find 0/0
Jan 17 03:56:19 freshpi kernel: [43985.263165] Free swap  = 0kB
Jan 17 03:56:19 freshpi kernel: [43985.263176] Total swap = 0kB
Jan 17 03:56:19 freshpi kernel: [43985.263188] 196608 pages RAM
Jan 17 03:56:19 freshpi kernel: [43985.263199] 0 pages HighMem/MovableOnly
Jan 17 03:56:19 freshpi kernel: [43985.263210] 5685 pages reserved
Jan 17 03:56:19 freshpi kernel: [43985.263221] 16384 pages cma reserved
Jan 17 03:56:19 freshpi kernel: [43985.263233] Tasks state (memory values in pages):
Jan 17 03:56:19 freshpi kernel: [43985.263244] [  pid  ]   uid  tgid total_vm      rss pgtables_bytes swapents oom_score_adj name
Jan 17 03:56:19 freshpi kernel: [43985.263282] [    127]     0   127     4462      536    77824        0             0 systemd-journal
Jan 17 03:56:19 freshpi kernel: [43985.263302] [    142]     0   142     1116       41    12288        0             0 blkmapd
Jan 17 03:56:19 freshpi kernel: [43985.263320] [    160]     0   160     4710      239    20480        0         -1000 systemd-udevd
Jan 17 03:56:19 freshpi kernel: [43985.263343] [    353]     0   353      765       40    12288        0             0 rpc.idmapd
Jan 17 03:56:19 freshpi kernel: [43985.263361] [    361]   100   361     5583      161    26624        0             0 systemd-timesyn
Jan 17 03:56:19 freshpi kernel: [43985.263380] [    384]   105   384     1869      208    14336        0          -900 dbus-daemon
Jan 17 03:56:19 freshpi kernel: [43985.263399] [    391]     0   391     2925      152    18432        0             0 alsactl
Jan 17 03:56:19 freshpi kernel: [43985.263417] [    393]     0   393     2665      100    20480        0             0 wpa_supplicant
Jan 17 03:56:19 freshpi kernel: [43985.263436] [    397]     0   397     3350      174    20480        0             0 systemd-logind
Jan 17 03:56:19 freshpi kernel: [43985.263455] [    398]     0   398     8549     1487    34816        0             0 wicd
Jan 17 03:56:19 freshpi kernel: [43985.263473] [    404]     0   404     6444      198    18432        0             0 rsyslogd
Jan 17 03:56:19 freshpi kernel: [43985.263491] [    409]     0   409    16785      516    47104        0             0 udisksd
Jan 17 03:56:19 freshpi kernel: [43985.263510] [    419] 65534   419     1222       51    14336        0             0 thd
Jan 17 03:56:19 freshpi kernel: [43985.263529] [    420]   108   420     1677      150    16384        0             0 avahi-daemon
Jan 17 03:56:19 freshpi kernel: [43985.263548] [    421]     0   421    13643      241    38912        0             0 ModemManager
Jan 17 03:56:19 freshpi kernel: [43985.263568] [    427]     0   427      722      119    10240        0             0 dhcpcd
Jan 17 03:56:19 freshpi kernel: [43985.263586] [    454]   108   454     1585       72    16384        0             0 avahi-daemon
Jan 17 03:56:19 freshpi kernel: [43985.263609] [    456]     0   456     9880      392    32768        0             0 polkitd
Jan 17 03:56:19 freshpi kernel: [43985.263630] [    463]     0   463     2817      165    18432        0             0 wpa_supplicant
Jan 17 03:56:19 freshpi kernel: [43985.263649] [    497]     0   497     8211      437    38912        0             0 nmbd
Jan 17 03:56:19 freshpi kernel: [43985.263668] [    499]     0   499    12208      655    32768        0             0 dispmanx_vncser
Jan 17 03:56:19 freshpi kernel: [43985.263685] [    502]     0   502     5443      146    24576        0             0 netatalk
Jan 17 03:56:19 freshpi kernel: [43985.263704] [    504]   112   504     1623       90    14336        0             0 rpcbind
Jan 17 03:56:19 freshpi kernel: [43985.263722] [    506]     0   506    14258      307    38912        0             0 afpd
Jan 17 03:56:19 freshpi kernel: [43985.263741] [    507]     0   507     2502      117    20480        0             0 cnid_metad
Jan 17 03:56:19 freshpi kernel: [43985.263759] [    508]     0   508     2712      140    18432        0         -1000 sshd
Jan 17 03:56:19 freshpi kernel: [43985.263777] [    515]     0   515     8298     6524    43008        0             0 rpc.mountd
Jan 17 03:56:19 freshpi kernel: [43985.263796] [    544]     0   544     5905     1199    30720        0             0 wicd-monitor
Jan 17 03:56:19 freshpi kernel: [43985.263818] [    560]     0   560     2053       51    16384        0             0 cron
Jan 17 03:56:19 freshpi kernel: [43985.263837] [    567]     0   567     2445       92    16384        0             0 cron
Jan 17 03:56:19 freshpi kernel: [43985.263855] [    572]     0   572    12877      125    30720        0             0 automount
Jan 17 03:56:19 freshpi kernel: [43985.263874] [    576]     0   576      514       30    10240        0             0 hciattach
Jan 17 03:56:19 freshpi kernel: [43985.263894] [    577]  1000   577      464       11    10240        0             0 sh
Jan 17 03:56:19 freshpi kernel: [43985.263912] [    630]  1000   630      464       25     8192        0             0 kodi
Jan 17 03:56:19 freshpi kernel: [43985.263930] [    640]     0   640     2431       86    18432        0             0 bluetoothd
Jan 17 03:56:19 freshpi kernel: [43985.263949] [    705]     0   705     6654       81    20480        0             0 bluealsa
Jan 17 03:56:19 freshpi kernel: [43985.263967] [    753]  1000   753   103147     7430   225280        0             0 kodi.bin_v7
Jan 17 03:56:19 freshpi kernel: [43985.263986] [    770]     0   770     1143       26    12288        0             0 agetty
Jan 17 03:56:19 freshpi kernel: [43985.264005] [    910]   103   910     3656      160    20480        0             0 exim4
Jan 17 03:56:19 freshpi kernel: [43985.264024] [    995]     0   995    12047      712    57344        0             0 smbd
Jan 17 03:56:19 freshpi kernel: [43985.264042] [    998]     0   998    14158      244    32768        0             0 upowerd
Jan 17 03:56:19 freshpi kernel: [43985.264061] [   1006]     0  1006    11335      470    49152        0             0 smbd-notifyd
Jan 17 03:56:19 freshpi kernel: [43985.264079] [   1007]     0  1007    11336      471    47104        0             0 cleanupd
Jan 17 03:56:19 freshpi kernel: [43985.264098] [   1049]     0  1049    12072      508    55296        0             0 lpqd
Jan 17 03:56:19 freshpi kernel: [43985.264116] [   1114]   116  1114    12008      723    36864        0             0 colord
Jan 17 03:56:19 freshpi kernel: [43985.264138] [  10362]     0 10362    11533      611    32768        0             0 cupsd
Jan 17 03:56:19 freshpi kernel: [43985.264157] [  10364]     0 10364    10353      433    34816        0             0 cups-browsed
Jan 17 03:56:19 freshpi kernel: [43985.264175] [  10393]     7 10393     3524      151    22528        0             0 dbus
Jan 17 03:56:19 freshpi kernel: [43985.264196] [  14188]     0 14188     2445       92    16384        0             0 cron
Jan 17 03:56:19 freshpi kernel: [43985.264215] [  14189]  1000 14189      464       11    10240        0             0 sh
Jan 17 03:56:19 freshpi kernel: [43985.264233] [  14190]  1000 14190     4661       91    20480        0             0 git
Jan 17 03:56:19 freshpi kernel: [43985.264254] [  14261]  1000 14261     2420       47    12288        0             0 git
Jan 17 03:56:19 freshpi kernel: [43985.264273] [  14262]  1000 14262     2420       40    16384        0             0 git
Jan 17 03:56:19 freshpi kernel: [43985.264291] [  14263]  1000 14263     4009     1504    24576        0             0 git
Jan 17 03:56:19 freshpi kernel: [43985.264310] [  14264]  1000 14264      464       11    12288        0             0 sh
Jan 17 03:56:19 freshpi kernel: [43985.264329] [  14265]  1000 14265     4574       40    18432        0             0 git-receive-pac
Jan 17 03:56:19 freshpi kernel: [43985.264348] [  14268]  1000 14268   242151   143164   618496        0             0 git
Jan 17 03:56:19 freshpi kernel: [43985.264367] [  14280]     0 14280     8211      366    34816        0             0 nmbd
Jan 17 03:56:19 freshpi kernel: [43985.264385] [  14281]     0 14281    12047      493    45056        0             0 smbd
Jan 17 03:56:19 freshpi kernel: [43985.264404] [  14282]   103 14282     3694      161    20480        0             0 exim4
Jan 17 03:56:19 freshpi kernel: [43985.264422] oom-kill:constraint=CONSTRAINT_NONE,nodemask=(null),cpuset=/,mems_allowed=0,global_oom,task_memcg=/,task=git,pid=14268,uid=1000
Jan 17 03:56:19 freshpi kernel: [43985.475435] oom_reaper: reaped process 14268 (git), now anon-rss:0kB, file-rss:0kB, shmem-rss:0kB
Jan 17 03:56:23 freshpi kernel: [43989.852382] Voltage normalised (0x00000000)
Jan 17 04:01:38 freshpi kernel: [44234.813138] task:kworker/1:0     state:D stack:    0 pid:13894 ppid:     2 flags:0x00000000
Jan 17 04:01:56 freshpi kernel: [44234.813188] Workqueue: events_freezable mmc_rescan
Jan 17 04:02:11 freshpi kernel: [44234.813210] Backtrace: 
Jan 17 04:02:28 freshpi kernel: [44234.813249] [<809e46f8>] (__schedule) from [<809e50c8>] (schedule+0x68/0xe4)
Jan 17 04:02:54 freshpi kernel: [44234.813271]  r10:81e51800 r9:ffffe000 r8:00000000 r7:00000000 r6:60000113 r5:8f07ec80
Jan 17 04:03:19 freshpi kernel: [44234.813285]  r4:ffffe000
Jan 17 04:03:47 freshpi kernel: [44234.813307] [<809e5060>] (schedule) from [<807f6b88>] (__mmc_claim_host+0xe0/0x238)
Jan 17 04:04:18 freshpi kernel: [44234.813322]  r5:81e51a18 r4:00000002
Jan 17 04:04:42 freshpi kernel: [44234.813343] [<807f6aa8>] (__mmc_claim_host) from [<807f6d18>] (mmc_get_card+0x38/0x3c)
Jan 17 04:05:10 freshpi kernel: [44234.813364]  r10:af8d5640 r9:00000000 r8:af8d8c00 r7:00000040 r6:81e51a18 r5:00000000
Jan 17 04:05:35 freshpi kernel: [44234.813378]  r4:81e52800
Jan 17 04:05:59 freshpi kernel: [44234.813402] [<807f6ce0>] (mmc_get_card) from [<80800930>] (mmc_sd_detect+0x24/0x7c)
Jan 17 04:06:29 freshpi kernel: [44234.813417]  r5:81e51800 r4:81e51800
Jan 17 04:07:28 freshpi kernel: [44234.813442] [<8080090c>] (mmc_sd_detect) from [<807f9550>] (mmc_rescan+0xdc/0x3b0)
Jan 17 04:08:05 freshpi kernel: [44234.813457]  r5:81e51800 r4:81e51a7c
Jan 17 04:08:30 freshpi kernel: [44234.813482] [<807f9474>] (mmc_rescan) from [<8013b78c>] (process_one_work+0x254/0x584)
Jan 17 04:10:12 freshpi kernel: [44234.813502]  r9:00000000 r8:af8d8c00 r7:00000040 r6:af8d5640 r5:95798e80 r4:81e51a7c
Jan 17 04:10:41 freshpi kernel: [44234.813526] [<8013b538>] (process_one_work) from [<8013bb1c>] (worker_thread+0x60/0x5c4)
Jan 17 04:11:13 freshpi kernel: [44234.813546]  r10:af8d5640 r9:80e03d00 r8:af8d5658 r7:00000008 r6:af8d5640 r5:95798e94
Jan 17 04:11:44 freshpi kernel: [44234.813559]  r4:95798e80
Jan 17 04:12:04 freshpi kernel: [44234.813582] [<8013babc>] (worker_thread) from [<801435a4>] (kthread+0x170/0x174)
Jan 17 04:12:36 freshpi kernel: [44234.813603]  r10:a25a3e74 r9:95798e80 r8:8013babc r7:a2572000 r6:00000000 r5:a278eb80
Jan 17 04:13:27 freshpi kernel: [44234.813616]  r4:a273a500
Jan 17 04:14:00 freshpi kernel: [44234.813638] [<80143434>] (kthread) from [<801000ec>] (ret_from_fork+0x14/0x28)
Jan 17 04:15:17 freshpi kernel: [44234.813652] Exception stack(0xa2573fb0 to 0xa2573ff8)
Jan 17 04:16:42 freshpi kernel: [44234.813669] 3fa0:                                     00000000 00000000 00000000 00000000
Jan 17 04:17:49 freshpi kernel: [44234.813688] 3fc0: 00000000 00000000 00000000 00000000 00000000 00000000 00000000 00000000
Jan 17 04:19:06 freshpi kernel: [44234.813705] 3fe0: 00000000 00000000 00000000 00000000 00000013 00000000
Jan 17 04:19:44 freshpi kernel: [44234.813725]  r10:00000000 r9:00000000 r8:00000000 r7:00000000 r6:00000000 r5:80143434
Jan 17 04:20:11 freshpi kernel: [44234.813739]  r4:a278eb80
Jan 17 04:20:27 freshpi kernel: [44357.693629] task:kworker/1:0     state:D stack:    0 pid:13894 ppid:     2 flags:0x00000000
Jan 17 04:20:27 freshpi kernel: [44357.693675] Workqueue: events_freezable mmc_rescan
Jan 17 04:20:27 freshpi kernel: [44357.693697] Backtrace: 
Jan 17 04:20:27 freshpi kernel: [44357.693733] [<809e46f8>] (__schedule) from [<809e50c8>] (schedule+0x68/0xe4)
Jan 17 04:20:27 freshpi kernel: [44357.693755]  r10:81e51800 r9:ffffe000 r8:00000000 r7:00000000 r6:60000113 r5:8f07ec80
Jan 17 04:20:27 freshpi kernel: [44357.693769]  r4:ffffe000
Jan 17 04:20:27 freshpi kernel: [44357.693790] [<809e5060>] (schedule) from [<807f6b88>] (__mmc_claim_host+0xe0/0x238)
Jan 17 04:20:27 freshpi kernel: [44357.693805]  r5:81e51a18 r4:00000002
Jan 17 04:20:27 freshpi kernel: [44357.693825] [<807f6aa8>] (__mmc_claim_host) from [<807f6d18>] (mmc_get_card+0x38/0x3c)
Jan 17 04:20:27 freshpi kernel: [44357.693846]  r10:af8d5640 r9:00000000 r8:af8d8c00 r7:00000040 r6:81e51a18 r5:00000000
Jan 17 04:20:27 freshpi kernel: [44357.693859]  r4:81e52800
Jan 17 04:20:27 freshpi kernel: [44357.693883] [<807f6ce0>] (mmc_get_card) from [<80800930>] (mmc_sd_detect+0x24/0x7c)
Jan 17 04:20:27 freshpi kernel: [44357.693898]  r5:81e51800 r4:81e51800
Jan 17 04:20:27 freshpi kernel: [44357.693921] [<8080090c>] (mmc_sd_detect) from [<807f9550>] (mmc_rescan+0xdc/0x3b0)
Jan 17 04:20:27 freshpi kernel: [44357.693937]  r5:81e51800 r4:81e51a7c
Jan 17 04:20:27 freshpi kernel: [44357.693961] [<807f9474>] (mmc_rescan) from [<8013b78c>] (process_one_work+0x254/0x584)
Jan 17 04:20:27 freshpi kernel: [44357.693982]  r9:00000000 r8:af8d8c00 r7:00000040 r6:af8d5640 r5:95798e80 r4:81e51a7c
Jan 17 04:20:27 freshpi kernel: [44357.694005] [<8013b538>] (process_one_work) from [<8013bb1c>] (worker_thread+0x60/0x5c4)
Jan 17 04:20:27 freshpi kernel: [44357.694025]  r10:af8d5640 r9:80e03d00 r8:af8d5658 r7:00000008 r6:af8d5640 r5:95798e94
Jan 17 04:20:27 freshpi kernel: [44357.694038]  r4:95798e80
Jan 17 04:20:27 freshpi kernel: [44357.694061] [<8013babc>] (worker_thread) from [<801435a4>] (kthread+0x170/0x174)
Jan 17 04:20:27 freshpi kernel: [44357.694083]  r10:a25a3e74 r9:95798e80 r8:8013babc r7:a2572000 r6:00000000 r5:a278eb80
Jan 17 04:20:27 freshpi kernel: [44357.694096]  r4:a273a500
Jan 17 04:20:27 freshpi kernel: [44357.694117] [<80143434>] (kthread) from [<801000ec>] (ret_from_fork+0x14/0x28)
Jan 17 04:20:27 freshpi kernel: [44357.694132] Exception stack(0xa2573fb0 to 0xa2573ff8)
Jan 17 04:20:27 freshpi kernel: [44357.694148] 3fa0:                                     00000000 00000000 00000000 00000000
Jan 17 04:20:27 freshpi kernel: [44357.694168] 3fc0: 00000000 00000000 00000000 00000000 00000000 00000000 00000000 00000000
Jan 17 04:20:27 freshpi kernel: [44357.694185] 3fe0: 00000000 00000000 00000000 00000000 00000013 00000000
Jan 17 04:20:27 freshpi kernel: [44357.694206]  r10:00000000 r9:00000000 r8:00000000 r7:00000000 r6:00000000 r5:80143434
Jan 17 04:20:27 freshpi kernel: [44357.694220]  r4:a278eb80
Jan 17 04:20:27 freshpi kernel: [44480.583570] task:kworker/1:0     state:D stack:    0 pid:13894 ppid:     2 flags:0x00000000
Jan 17 04:20:27 freshpi kernel: [44480.583600] Workqueue: events_freezable mmc_rescan
Jan 17 04:20:27 freshpi kernel: [44480.583611] Backtrace: 
Jan 17 04:20:27 freshpi kernel: [44480.583631] [<809e46f8>] (__schedule) from [<809e50c8>] (schedule+0x68/0xe4)
Jan 17 04:20:27 freshpi kernel: [44480.583642]  r10:81e51800 r9:ffffe000 r8:00000000 r7:00000000 r6:60000113 r5:8f07ec80
Jan 17 04:20:27 freshpi kernel: [44480.583649]  r4:ffffe000
Jan 17 04:20:27 freshpi kernel: [44480.583660] [<809e5060>] (schedule) from [<807f6b88>] (__mmc_claim_host+0xe0/0x238)
Jan 17 04:20:27 freshpi kernel: [44480.583667]  r5:81e51a18 r4:00000002
Jan 17 04:20:27 freshpi kernel: [44480.583678] [<807f6aa8>] (__mmc_claim_host) from [<807f6d18>] (mmc_get_card+0x38/0x3c)
Jan 17 04:20:27 freshpi kernel: [44480.583688]  r10:af8d5640 r9:00000000 r8:af8d8c00 r7:00000040 r6:81e51a18 r5:00000000
Jan 17 04:20:27 freshpi kernel: [44480.583695]  r4:81e52800
Jan 17 04:20:27 freshpi kernel: [44480.583707] [<807f6ce0>] (mmc_get_card) from [<80800930>] (mmc_sd_detect+0x24/0x7c)
Jan 17 04:20:27 freshpi kernel: [44480.583717]  r5:81e51800 r4:81e51800
Jan 17 04:20:27 freshpi kernel: [44480.583728] [<8080090c>] (mmc_sd_detect) from [<807f9550>] (mmc_rescan+0xdc/0x3b0)
Jan 17 04:20:27 freshpi kernel: [44480.583736]  r5:81e51800 r4:81e51a7c
Jan 17 04:20:27 freshpi kernel: [44480.583749] [<807f9474>] (mmc_rescan) from [<8013b78c>] (process_one_work+0x254/0x584)
Jan 17 04:20:27 freshpi kernel: [44480.583759]  r9:00000000 r8:af8d8c00 r7:00000040 r6:af8d5640 r5:95798e80 r4:81e51a7c
Jan 17 04:20:27 freshpi kernel: [44480.583771] [<8013b538>] (process_one_work) from [<8013bb1c>] (worker_thread+0x60/0x5c4)
Jan 17 04:20:27 freshpi kernel: [44480.583781]  r10:af8d5640 r9:80e03d00 r8:af8d5658 r7:00000008 r6:af8d5640 r5:95798e94
Jan 17 04:20:27 freshpi kernel: [44480.583788]  r4:95798e80
Jan 17 04:20:27 freshpi kernel: [44480.583800] [<8013babc>] (worker_thread) from [<801435a4>] (kthread+0x170/0x174)
Jan 17 04:20:27 freshpi kernel: [44480.583811]  r10:a25a3e74 r9:95798e80 r8:8013babc r7:a2572000 r6:00000000 r5:a278eb80
Jan 17 04:20:27 freshpi kernel: [44480.583817]  r4:a273a500
Jan 17 04:20:27 freshpi kernel: [44480.583829] [<80143434>] (kthread) from [<801000ec>] (ret_from_fork+0x14/0x28)
Jan 17 04:20:27 freshpi kernel: [44480.583836] Exception stack(0xa2573fb0 to 0xa2573ff8)
Jan 17 04:20:27 freshpi kernel: [44480.583845] 3fa0:                                     00000000 00000000 00000000 00000000
Jan 17 04:20:27 freshpi kernel: [44480.583855] 3fc0: 00000000 00000000 00000000 00000000 00000000 00000000 00000000 00000000
Jan 17 04:20:27 freshpi kernel: [44480.583863] 3fe0: 00000000 00000000 00000000 00000000 00000013 00000000
Jan 17 04:20:27 freshpi kernel: [44480.583874]  r10:00000000 r9:00000000 r8:00000000 r7:00000000 r6:00000000 r5:80143434
Jan 17 04:20:27 freshpi kernel: [44480.583880]  r4:a278eb80
Jan 17 04:20:27 freshpi kernel: [44603.453956] task:kworker/1:0     state:D stack:    0 pid:13894 ppid:     2 flags:0x00000000
Jan 17 04:20:27 freshpi kernel: [44603.453982] Workqueue: events_freezable mmc_rescan
Jan 17 04:20:27 freshpi kernel: [44603.453994] Backtrace: 
Jan 17 04:20:27 freshpi kernel: [44603.454014] [<809e46f8>] (__schedule) from [<809e50c8>] (schedule+0x68/0xe4)
Jan 17 04:20:27 freshpi kernel: [44603.454025]  r10:81e51800 r9:ffffe000 r8:00000000 r7:00000000 r6:60000113 r5:8f07ec80
Jan 17 04:20:27 freshpi kernel: [44603.454032]  r4:ffffe000
Jan 17 04:20:27 freshpi kernel: [44603.454043] [<809e5060>] (schedule) from [<807f6b88>] (__mmc_claim_host+0xe0/0x238)
Jan 17 04:20:27 freshpi kernel: [44603.454051]  r5:81e51a18 r4:00000002
Jan 17 04:20:27 freshpi kernel: [44603.454061] [<807f6aa8>] (__mmc_claim_host) from [<807f6d18>] (mmc_get_card+0x38/0x3c)
Jan 17 04:20:27 freshpi kernel: [44603.454071]  r10:af8d5640 r9:00000000 r8:af8d8c00 r7:00000040 r6:81e51a18 r5:00000000
Jan 17 04:20:27 freshpi kernel: [44603.454078]  r4:81e52800
Jan 17 04:20:27 freshpi kernel: [44603.454090] [<807f6ce0>] (mmc_get_card) from [<80800930>] (mmc_sd_detect+0x24/0x7c)
Jan 17 04:20:27 freshpi kernel: [44603.454098]  r5:81e51800 r4:81e51800
Jan 17 04:20:27 freshpi kernel: [44603.454109] [<8080090c>] (mmc_sd_detect) from [<807f9550>] (mmc_rescan+0xdc/0x3b0)
Jan 17 04:20:27 freshpi kernel: [44603.454117]  r5:81e51800 r4:81e51a7c
Jan 17 04:20:27 freshpi kernel: [44603.454130] [<807f9474>] (mmc_rescan) from [<8013b78c>] (process_one_work+0x254/0x584)
Jan 17 04:20:27 freshpi kernel: [44603.454140]  r9:00000000 r8:af8d8c00 r7:00000040 r6:af8d5640 r5:95798e80 r4:81e51a7c
Jan 17 04:20:27 freshpi kernel: [44603.454152] [<8013b538>] (process_one_work) from [<8013bb1c>] (worker_thread+0x60/0x5c4)
Jan 17 04:20:27 freshpi kernel: [44603.454163]  r10:af8d5640 r9:80e03d00 r8:af8d5658 r7:00000008 r6:af8d5640 r5:95798e94
Jan 17 04:20:27 freshpi kernel: [44603.454170]  r4:95798e80
Jan 17 04:20:27 freshpi kernel: [44603.454181] [<8013babc>] (worker_thread) from [<801435a4>] (kthread+0x170/0x174)
Jan 17 04:20:27 freshpi kernel: [44603.454192]  r10:a25a3e74 r9:95798e80 r8:8013babc r7:a2572000 r6:00000000 r5:a278eb80
Jan 17 04:20:27 freshpi kernel: [44603.454199]  r4:a273a500
Jan 17 04:20:27 freshpi kernel: [44603.454210] [<80143434>] (kthread) from [<801000ec>] (ret_from_fork+0x14/0x28)
Jan 17 04:20:27 freshpi kernel: [44603.454217] Exception stack(0xa2573fb0 to 0xa2573ff8)
Jan 17 04:20:27 freshpi kernel: [44603.454226] 3fa0:                                     00000000 00000000 00000000 00000000
Jan 17 04:20:27 freshpi kernel: [44603.454236] 3fc0: 00000000 00000000 00000000 00000000 00000000 00000000 00000000 00000000
Jan 17 04:20:27 freshpi kernel: [44603.454245] 3fe0: 00000000 00000000 00000000 00000000 00000013 00000000
Jan 17 04:20:27 freshpi kernel: [44603.454255]  r10:00000000 r9:00000000 r8:00000000 r7:00000000 r6:00000000 r5:80143434
Jan 17 04:20:27 freshpi kernel: [44603.454261]  r4:a278eb80
Jan 17 04:20:27 freshpi kernel: [44726.334514] task:kworker/1:0     state:D stack:    0 pid:13894 ppid:     2 flags:0x00000000
Jan 17 04:20:27 freshpi kernel: [44726.334563] Workqueue: events_freezable mmc_rescan
Jan 17 04:20:27 freshpi kernel: [44726.334586] Backtrace: 
Jan 17 04:20:27 freshpi kernel: [44726.334624] [<809e46f8>] (__schedule) from [<809e50c8>] (schedule+0x68/0xe4)
Jan 17 04:20:27 freshpi kernel: [44726.334646]  r10:81e51800 r9:ffffe000 r8:00000000 r7:00000000 r6:60000113 r5:8f07ec80
Jan 17 04:20:27 freshpi kernel: [44726.334659]  r4:ffffe000
Jan 17 04:20:27 freshpi kernel: [44726.334681] [<809e5060>] (schedule) from [<807f6b88>] (__mmc_claim_host+0xe0/0x238)
Jan 17 04:20:27 freshpi kernel: [44726.334696]  r5:81e51a18 r4:00000002
Jan 17 04:20:27 freshpi kernel: [44726.334717] [<807f6aa8>] (__mmc_claim_host) from [<807f6d18>] (mmc_get_card+0x38/0x3c)
Jan 17 04:20:27 freshpi kernel: [44726.334738]  r10:af8d5640 r9:00000000 r8:af8d8c00 r7:00000040 r6:81e51a18 r5:00000000
Jan 17 04:20:27 freshpi kernel: [44726.334751]  r4:81e52800
Jan 17 04:20:27 freshpi kernel: [44726.334775] [<807f6ce0>] (mmc_get_card) from [<80800930>] (mmc_sd_detect+0x24/0x7c)
Jan 17 04:20:27 freshpi kernel: [44726.334790]  r5:81e51800 r4:81e51800
Jan 17 04:20:27 freshpi kernel: [44726.334814] [<8080090c>] (mmc_sd_detect) from [<807f9550>] (mmc_rescan+0xdc/0x3b0)
Jan 17 04:20:27 freshpi kernel: [44726.334829]  r5:81e51800 r4:81e51a7c
Jan 17 04:20:27 freshpi kernel: [44726.334853] [<807f9474>] (mmc_rescan) from [<8013b78c>] (process_one_work+0x254/0x584)
Jan 17 04:20:27 freshpi kernel: [44726.334875]  r9:00000000 r8:af8d8c00 r7:00000040 r6:af8d5640 r5:95798e80 r4:81e51a7c
Jan 17 04:20:27 freshpi kernel: [44726.334898] [<8013b538>] (process_one_work) from [<8013bb1c>] (worker_thread+0x60/0x5c4)
Jan 17 04:20:27 freshpi kernel: [44726.334919]  r10:af8d5640 r9:80e03d00 r8:af8d5658 r7:00000008 r6:af8d5640 r5:95798e94
Jan 17 04:20:27 freshpi kernel: [44726.334932]  r4:95798e80
Jan 17 04:20:27 freshpi kernel: [44726.334955] [<8013babc>] (worker_thread) from [<801435a4>] (kthread+0x170/0x174)
Jan 17 04:20:27 freshpi kernel: [44726.334976]  r10:a25a3e74 r9:95798e80 r8:8013babc r7:a2572000 r6:00000000 r5:a278eb80
Jan 17 04:20:27 freshpi kernel: [44726.334989]  r4:a273a500
Jan 17 04:20:27 freshpi kernel: [44726.335010] [<80143434>] (kthread) from [<801000ec>] (ret_from_fork+0x14/0x28)
Jan 17 04:20:27 freshpi kernel: [44726.335025] Exception stack(0xa2573fb0 to 0xa2573ff8)
Jan 17 04:20:27 freshpi kernel: [44726.335042] 3fa0:                                     00000000 00000000 00000000 00000000
Jan 17 04:20:27 freshpi kernel: [44726.335062] 3fc0: 00000000 00000000 00000000 00000000 00000000 00000000 00000000 00000000
Jan 17 04:20:27 freshpi kernel: [44726.335080] 3fe0: 00000000 00000000 00000000 00000000 00000013 00000000
Jan 17 04:20:27 freshpi kernel: [44726.335101]  r10:00000000 r9:00000000 r8:00000000 r7:00000000 r6:00000000 r5:80143434
Jan 17 04:20:27 freshpi kernel: [44726.335114]  r4:a278eb80
Jan 17 04:20:27 freshpi kernel: [45429.216001] Voltage normalised (0x00000000)
Jan 17 04:20:27 freshpi kernel: [45433.474827] udisksd invoked oom-killer: gfp_mask=0x100cca(GFP_HIGHUSER_MOVABLE), order=0, oom_score_adj=0
Jan 17 04:20:27 freshpi kernel: [45433.474859] CPU: 2 PID: 409 Comm: udisksd Tainted: G         C        5.10.7-v7+ #1394
Jan 17 04:20:27 freshpi kernel: [45433.474866] Hardware name: BCM2835
Jan 17 04:20:27 freshpi kernel: [45433.474874] Backtrace: 
Jan 17 04:20:27 freshpi kernel: [45433.474913] [<809db578>] (dump_backtrace) from [<809db908>] (show_stack+0x20/0x24)
Jan 17 04:20:27 freshpi kernel: [45433.474928]  r7:ffffffff r6:00000000 r5:68000113 r4:80ee5d14
Jan 17 04:20:27 freshpi kernel: [45433.474947] [<809db8e8>] (show_stack) from [<809dfabc>] (dump_stack+0xcc/0xf8)
Jan 17 04:20:27 freshpi kernel: [45433.474966] [<809df9f0>] (dump_stack) from [<809dddac>] (dump_header+0x64/0x208)
Jan 17 04:20:27 freshpi kernel: [45433.474982]  r10:80e05144 r9:00100cca r8:00000000 r7:80c12138 r6:83a3f000 r5:8e29cd80
Jan 17 04:20:27 freshpi kernel: [45433.474992]  r4:85f8dd50 r3:9fae03d7
Jan 17 04:20:27 freshpi kernel: [45433.475012] [<809ddd48>] (dump_header) from [<802affd8>] (oom_kill_process+0x1b4/0x1c0)
Jan 17 04:20:27 freshpi kernel: [45433.475025]  r7:80c12138 r6:85f8dd50 r5:8e29d300 r4:8e29cd80
Jan 17 04:20:27 freshpi kernel: [45433.475042] [<802afe24>] (oom_kill_process) from [<802b0b30>] (out_of_memory+0x2b8/0x390)
Jan 17 04:20:27 freshpi kernel: [45433.475054]  r7:80e083c0 r6:80e05008 r5:8e29cd80 r4:85f8dd50
Jan 17 04:20:27 freshpi kernel: [45433.475075] [<802b0878>] (out_of_memory) from [<802ffcc4>] (__alloc_pages_nodemask+0x7ec/0x1184)
Jan 17 04:20:27 freshpi kernel: [45433.475088]  r7:80e05784 r6:00000000 r5:ffffe000 r4:00400100
Jan 17 04:20:27 freshpi kernel: [45433.475106] [<802ff4d8>] (__alloc_pages_nodemask) from [<802aa55c>] (pagecache_get_page+0x10c/0x34c)
Jan 17 04:20:27 freshpi kernel: [45433.475122]  r10:80f31699 r9:00000014 r8:80e059e4 r7:821177a0 r6:00100cca r5:00000044
Jan 17 04:20:27 freshpi kernel: [45433.475131]  r4:21b80001
Jan 17 04:20:27 freshpi kernel: [45433.475146] [<802aa450>] (pagecache_get_page) from [<802ac4bc>] (filemap_fault+0x638/0xb20)
Jan 17 04:20:27 freshpi kernel: [45433.475161]  r10:80e05008 r9:85f8dec8 r8:00000040 r7:8555e240 r6:85f8dec8 r5:8555e240
Jan 17 04:20:27 freshpi kernel: [45433.475169]  r4:82117690
Jan 17 04:20:27 freshpi kernel: [45433.475189] [<802abe84>] (filemap_fault) from [<8042589c>] (ext4_filemap_fault+0x38/0x4c)
Jan 17 04:20:27 freshpi kernel: [45433.475204]  r10:85f8dfb0 r9:85f8dec8 r8:00000040 r7:0000000b r6:76a39000 r5:85f8dec8
Jan 17 04:20:27 freshpi kernel: [45433.475213]  r4:82117678
Jan 17 04:20:27 freshpi kernel: [45433.475232] [<80425864>] (ext4_filemap_fault) from [<802e32cc>] (__do_fault+0x48/0x14c)
Jan 17 04:20:27 freshpi kernel: [45433.475243]  r5:8367b4e0 r4:85f8dec8
Jan 17 04:20:27 freshpi kernel: [45433.475260] [<802e3284>] (__do_fault) from [<802e8388>] (handle_mm_fault+0xae8/0xe30)
Jan 17 04:20:27 freshpi kernel: [45433.475273]  r7:0000000b r6:76a39000 r5:80e05008 r4:00000254
Jan 17 04:20:27 freshpi kernel: [45433.475293] [<802e78a0>] (handle_mm_fault) from [<809eb040>] (do_page_fault+0x144/0x314)
Jan 17 04:20:27 freshpi kernel: [45433.475308]  r10:00000254 r9:00000000 r8:82722648 r7:82722600 r6:80000007 r5:76a39460
Jan 17 04:20:27 freshpi kernel: [45433.475317]  r4:85f8dfb0
Jan 17 04:20:27 freshpi kernel: [45433.475335] [<809eaefc>] (do_page_fault) from [<80113fe0>] (do_PrefetchAbort+0x48/0x9c)
Jan 17 04:20:27 freshpi kernel: [45433.475351]  r10:0007b098 r9:0006f37e r8:85f8dfb0 r7:76a39460 r6:809eaefc r5:00000007
Jan 17 04:20:27 freshpi kernel: [45433.475359]  r4:80e0adf8
Jan 17 04:20:27 freshpi kernel: [45433.475376] [<80113f98>] (do_PrefetchAbort) from [<80101024>] (ret_from_exception+0x0/0x1c)
Jan 17 04:20:27 freshpi kernel: [45433.475385] Exception stack(0x85f8dfb0 to 0x85f8dff8)
Jan 17 04:20:27 freshpi kernel: [45433.475397] dfa0:                                     00000001 00000002 00000000 00000000
Jan 17 04:20:27 freshpi kernel: [45433.475412] dfc0: 00dd39b0 00000005 00e7e400 00000001 7e8e8c88 0006f37e 0007b098 00000001
Jan 17 04:20:27 freshpi kernel: [45433.475425] dfe0: 76b5de3c 7e8e8c78 76a9bebc 76a39460 80000010 ffffffff
Jan 17 04:20:27 freshpi kernel: [45433.475440]  r8:10c5387d r7:10c5383d r6:ffffffff r5:80000010 r4:76a39460
Jan 17 04:20:27 freshpi kernel: [45433.475449] Mem-Info:
Jan 17 04:20:27 freshpi kernel: [45433.475477] active_anon:395 inactive_anon:172498 isolated_anon:0
Jan 17 04:20:27 freshpi kernel: [45433.475477]  active_file:187 inactive_file:87 isolated_file:0
Jan 17 04:20:27 freshpi kernel: [45433.475477]  unevictable:0 dirty:0 writeback:0
Jan 17 04:20:27 freshpi kernel: [45433.475477]  slab_reclaimable:4104 slab_unreclaimable:4489
Jan 17 04:20:27 freshpi kernel: [45433.475477]  mapped:562 shmem:1658 pagetables:1081 bounce:0
Jan 17 04:20:27 freshpi kernel: [45433.475477]  free:4094 free_pcp:0 free_cma:112
Jan 17 04:20:27 freshpi kernel: [45433.475501] Node 0 active_anon:1580kB inactive_anon:689992kB active_file:748kB inactive_file:348kB unevictable:0kB isolated(anon):0kB isolated(file):0kB mapped:2248kB dirty:0kB writeback:0kB shmem:6632kB writeback_tmp:0kB kernel_stack:1704kB all_unreclaimable? yes
Jan 17 04:20:27 freshpi kernel: [45433.475530] DMA free:16376kB min:16384kB low:20480kB high:24576kB reserved_highatomic:0KB active_anon:1580kB inactive_anon:689992kB active_file:60kB inactive_file:52kB unevictable:0kB writepending:0kB present:786432kB managed:763692kB mlocked:0kB pagetables:4324kB bounce:0kB free_pcp:0kB local_pcp:0kB free_cma:448kB
Jan 17 04:20:27 freshpi kernel: [45433.475542] lowmem_reserve[]: 0 0 0
Jan 17 04:20:27 freshpi kernel: [45433.475624] DMA: 812*4kB (UMEC) 462*8kB (UMEC) 242*16kB (UMEC) 38*32kB (UMEC) 43*64kB (UMEC) 14*128kB (UM) 3*256kB (M) 0*512kB 0*1024kB 0*2048kB 0*4096kB = 17344kB
Jan 17 04:20:27 freshpi kernel: [45433.475829] 2002 total pagecache pages
Jan 17 04:20:27 freshpi kernel: [45433.475843] 0 pages in swap cache
Jan 17 04:20:27 freshpi kernel: [45433.475856] Swap cache stats: add 0, delete 0, find 0/0
Jan 17 04:20:27 freshpi kernel: [45433.475867] Free swap  = 0kB
Jan 17 04:20:27 freshpi kernel: [45433.475878] Total swap = 0kB
Jan 17 04:20:27 freshpi kernel: [45433.475890] 196608 pages RAM
Jan 17 04:20:27 freshpi kernel: [45433.475901] 0 pages HighMem/MovableOnly
Jan 17 04:20:27 freshpi kernel: [45433.475912] 5685 pages reserved
Jan 17 04:20:27 freshpi kernel: [45433.475924] 16384 pages cma reserved
Jan 17 04:20:27 freshpi kernel: [45433.475935] Tasks state (memory values in pages):
Jan 17 04:20:27 freshpi kernel: [45433.475947] [  pid  ]   uid  tgid total_vm      rss pgtables_bytes swapents oom_score_adj name
Jan 17 04:20:27 freshpi kernel: [45433.475988] [    127]     0   127     4462      570    77824        0             0 systemd-journal
Jan 17 04:20:27 freshpi kernel: [45433.476007] [    142]     0   142     1116       41    12288        0             0 blkmapd
Jan 17 04:20:27 freshpi kernel: [45433.476026] [    160]     0   160     4710      239    20480        0         -1000 systemd-udevd
Jan 17 04:20:27 freshpi kernel: [45433.476052] [    353]     0   353      765       40    12288        0             0 rpc.idmapd
Jan 17 04:20:27 freshpi kernel: [45433.476071] [    361]   100   361     5583      161    26624        0             0 systemd-timesyn
Jan 17 04:20:27 freshpi kernel: [45433.476089] [    384]   105   384     1869      208    14336        0          -900 dbus-daemon
Jan 17 04:20:27 freshpi kernel: [45433.476108] [    391]     0   391     2925      152    18432        0             0 alsactl
Jan 17 04:20:27 freshpi kernel: [45433.476127] [    393]     0   393     2665      100    20480        0             0 wpa_supplicant
Jan 17 04:20:27 freshpi kernel: [45433.476145] [    397]     0   397     3350      174    20480        0             0 systemd-logind
Jan 17 04:20:27 freshpi kernel: [45433.476163] [    398]     0   398     8549     1487    34816        0             0 wicd
Jan 17 04:20:27 freshpi kernel: [45433.476181] [    404]     0   404     6444      205    18432        0             0 rsyslogd
Jan 17 04:20:27 freshpi kernel: [45433.476199] [    409]     0   409    16785      516    47104        0             0 udisksd
Jan 17 04:20:27 freshpi kernel: [45433.476218] [    419] 65534   419     1222       51    14336        0             0 thd
Jan 17 04:20:27 freshpi kernel: [45433.476236] [    420]   108   420     1677      150    16384        0             0 avahi-daemon
Jan 17 04:20:27 freshpi kernel: [45433.476255] [    421]     0   421    13643      241    38912        0             0 ModemManager
Jan 17 04:20:27 freshpi kernel: [45433.476274] [    427]     0   427      722      119    10240        0             0 dhcpcd
Jan 17 04:20:27 freshpi kernel: [45433.476294] [    454]   108   454     1585       72    16384        0             0 avahi-daemon
Jan 17 04:20:27 freshpi kernel: [45433.476313] [    456]     0   456     9880      406    32768        0             0 polkitd
Jan 17 04:20:27 freshpi kernel: [45433.476331] [    463]     0   463     2817      165    18432        0             0 wpa_supplicant
Jan 17 04:20:27 freshpi kernel: [45433.476349] [    497]     0   497     8211      437    38912        0             0 nmbd
Jan 17 04:20:27 freshpi kernel: [45433.476368] [    499]     0   499    12208      655    32768        0             0 dispmanx_vncser
Jan 17 04:20:27 freshpi kernel: [45433.476387] [    502]     0   502     5443      146    24576        0             0 netatalk
Jan 17 04:20:27 freshpi kernel: [45433.476405] [    504]   112   504     1623       90    14336        0             0 rpcbind
Jan 17 04:20:27 freshpi kernel: [45433.476424] [    506]     0   506    14258      307    38912        0             0 afpd
Jan 17 04:20:27 freshpi kernel: [45433.476442] [    507]     0   507     2502      117    20480        0             0 cnid_metad
Jan 17 04:20:27 freshpi kernel: [45433.476461] [    508]     0   508     2712      140    18432        0         -1000 sshd
Jan 17 04:20:27 freshpi kernel: [45433.476480] [    515]     0   515     8297     6524    43008        0             0 rpc.mountd
Jan 17 04:20:27 freshpi kernel: [45433.476498] [    544]     0   544     5905     1199    30720        0             0 wicd-monitor
Jan 17 04:20:27 freshpi kernel: [45433.476520] [    560]     0   560     2053       51    16384        0             0 cron
Jan 17 04:20:27 freshpi kernel: [45433.476538] [    567]     0   567     2445       92    16384        0             0 cron
Jan 17 04:20:27 freshpi kernel: [45433.476559] [    572]     0   572    12877      125    30720        0             0 automount
Jan 17 04:20:27 freshpi kernel: [45433.476579] [    576]     0   576      514       30    10240        0             0 hciattach
Jan 17 04:20:27 freshpi kernel: [45433.476598] [    577]  1000   577      464       11    10240        0             0 sh
Jan 17 04:20:27 freshpi kernel: [45433.476616] [    630]  1000   630      464       25     8192        0             0 kodi
Jan 17 04:20:27 freshpi kernel: [45433.476635] [    640]     0   640     2431       86    18432        0             0 bluetoothd
Jan 17 04:20:27 freshpi kernel: [45433.476653] [    705]     0   705     6654       81    20480        0             0 bluealsa
Jan 17 04:20:27 freshpi kernel: [45433.476671] [    753]  1000   753   103147     7430   225280        0             0 kodi.bin_v7
Jan 17 04:20:27 freshpi kernel: [45433.476690] [    770]     0   770     1143       26    12288        0             0 agetty
Jan 17 04:20:27 freshpi kernel: [45433.476708] [    910]   103   910     3656      160    20480        0             0 exim4
Jan 17 04:20:27 freshpi kernel: [45433.476726] [    995]     0   995    12047      712    57344        0             0 smbd
Jan 17 04:20:27 freshpi kernel: [45433.476744] [    998]     0   998    14158      244    32768        0             0 upowerd
Jan 17 04:20:27 freshpi kernel: [45433.476763] [   1006]     0  1006    11335      470    49152        0             0 smbd-notifyd
Jan 17 04:20:27 freshpi kernel: [45433.476782] [   1007]     0  1007    11336      471    47104        0             0 cleanupd
Jan 17 04:20:27 freshpi kernel: [45433.476800] [   1049]     0  1049    12072      508    55296        0             0 lpqd
Jan 17 04:20:27 freshpi kernel: [45433.476819] [   1114]   116  1114    12008      723    36864        0             0 colord
Jan 17 04:20:27 freshpi kernel: [45433.476838] [  10362]     0 10362    11533      609    32768        0             0 cupsd
Jan 17 04:20:27 freshpi kernel: [45433.476857] [  10364]     0 10364    10353      431    34816        0             0 cups-browsed
Jan 17 04:20:27 freshpi kernel: [45433.476877] [  10393]     7 10393     3524      151    22528        0             0 dbus
Jan 17 04:20:27 freshpi kernel: [45433.476898] [  14261]  1000 14261     2420       47    12288        0             0 git
Jan 17 04:20:27 freshpi kernel: [45433.476916] [  14262]  1000 14262     2420       40    16384        0             0 git
Jan 17 04:20:27 freshpi kernel: [45433.476934] [  14263]  1000 14263   172489   145254   645120        0             0 git
Jan 17 04:20:27 freshpi kernel: [45433.476956] [  14347]   103 14347     3694      161    20480        0             0 exim4
Jan 17 04:20:27 freshpi kernel: [45433.476974] oom-kill:constraint=CONSTRAINT_NONE,nodemask=(null),cpuset=/,mems_allowed=0,global_oom,task_memcg=/,task=git,pid=14263,uid=1000
Jan 17 04:20:27 freshpi kernel: [45433.674965] oom_reaper: reaped process 14263 (git), now anon-rss:0kB, file-rss:0kB, shmem-rss:0kB
Jan 17 04:20:33 freshpi kernel: [45439.615765] Voltage normalised (0x00000000)
Jan 17 04:41:11 freshpi kernel: [46678.129924] FS-Cache: Netfs 'cifs' registered for caching
Jan 17 04:41:11 freshpi kernel: [46678.160778] Key type cifs.spnego registered
Jan 17 04:41:11 freshpi kernel: [46678.160826] Key type cifs.idmap registered
Jan 17 04:41:11 freshpi kernel: [46678.163000] CIFS: Attempting to mount //192.168.0.60/Greenish
Jan 17 06:25:10 freshpi kernel: [52917.234357] Voltage normalised (0x00000000)
Jan 17 06:26:00 freshpi kernel: [52967.154237] Voltage normalised (0x00000000)
Jan 17 06:29:32 freshpi kernel: [53179.314506] Voltage normalised (0x00000000)
Jan 17 06:30:12 freshpi kernel: [53218.834585] rpi_firmware_get_throttled: 1 callbacks suppressed
Jan 17 06:30:24 freshpi kernel: [53231.314545] rpi_firmware_get_throttled: 1 callbacks suppressed
Jan 17 06:30:24 freshpi kernel: [53231.314552] Voltage normalised (0x00000000)
Jan 17 06:30:49 freshpi kernel: [53256.274643] Voltage normalised (0x00000000)
Jan 17 06:30:55 freshpi kernel: [53262.514631] Voltage normalised (0x00000000)
Jan 17 10:08:25 freshpi kernel: [66312.469324] rpi_firmware_get_throttled: 4 callbacks suppressed
Jan 17 10:08:29 freshpi kernel: [66316.629226] rpi_firmware_get_throttled: 4 callbacks suppressed
Jan 17 10:08:29 freshpi kernel: [66316.629233] Voltage normalised (0x00000000)
Jan 17 10:12:52 freshpi kernel: [66578.710045] Voltage normalised (0x00000000)
Jan 17 10:13:44 freshpi kernel: [66630.710158] Voltage normalised (0x00000000)
Jan 17 10:14:00 freshpi kernel: [66647.350284] Voltage normalised (0x00000000)
Jan 17 10:14:13 freshpi kernel: [66659.830289] Voltage normalised (0x00000000)
Jan 17 10:26:10 freshpi kernel: [67377.432194] Voltage normalised (0x00000000)
Jan 17 10:59:11 freshpi colord[1114]: failed to get session [pid 10362]: No data available
Jan 17 10:59:13 freshpi kernel: [69359.677514] Voltage normalised (0x00000000)
Jan 17 10:59:19 freshpi colord[1114]: failed to get session [pid 10362]: No data available
Jan 17 11:36:46 freshpi kernel: [    0.000000] Booting Linux on physical CPU 0x0
Jan 17 11:36:46 freshpi kernel: [    0.000000] Linux version 5.10.7-v7+ (dom@buildbot) (arm-linux-gnueabihf-gcc-8 (Ubuntu/Linaro 8.4.0-3ubuntu1) 8.4.0, GNU ld (GNU Binutils for Ubuntu) 2.34) #1394 SMP Thu Jan 14 20:23:13 GMT 2021
Jan 17 11:36:46 freshpi kernel: [    0.000000] CPU: ARMv7 Processor [410fd034] revision 4 (ARMv7), cr=10c5383d
Jan 17 11:36:46 freshpi kernel: [    0.000000] CPU: div instructions available: patching division code
Jan 17 11:36:46 freshpi kernel: [    0.000000] CPU: PIPT / VIPT nonaliasing data cache, VIPT aliasing instruction cache
Jan 17 11:36:46 freshpi kernel: [    0.000000] OF: fdt: Machine model: Raspberry Pi 3 Model B Rev 1.2
Jan 17 11:36:46 freshpi kernel: [    0.000000] Memory policy: Data cache writealloc
Jan 17 11:36:46 freshpi kernel: [    0.000000] Reserved memory: created CMA memory pool at 0x2ac00000, size 64 MiB
Jan 17 11:36:46 freshpi kernel: [    0.000000] OF: reserved mem: initialized node linux,cma, compatible id shared-dma-pool
Jan 17 11:36:46 freshpi kernel: [    0.000000] Zone ranges:
Jan 17 11:36:46 freshpi kernel: [    0.000000]   DMA      [mem 0x0000000000000000-0x000000002fffffff]
Jan 17 11:36:46 freshpi kernel: [    0.000000]   Normal   empty
Jan 17 11:36:46 freshpi kernel: [    0.000000] Movable zone start for each node
Jan 17 11:36:46 freshpi kernel: [    0.000000] Early memory node ranges
Jan 17 11:36:46 freshpi kernel: [    0.000000]   node   0: [mem 0x0000000000000000-0x000000002fffffff]
Jan 17 11:36:46 freshpi kernel: [    0.000000] Initmem setup node 0 [mem 0x0000000000000000-0x000000002fffffff]
Jan 17 11:36:46 freshpi kernel: [    0.000000] percpu: Embedded 20 pages/cpu s50636 r8192 d23092 u81920
Jan 17 11:36:46 freshpi kernel: [    0.000000] Built 1 zonelists, mobility grouping on.  Total pages: 194880
Jan 17 11:36:46 freshpi kernel: [    0.000000] Kernel command line: coherent_pool=1M 8250.nr_uarts=0 snd_bcm2835.enable_compat_alsa=0 snd_bcm2835.enable_hdmi=1 bcm2708_fb.fbwidth=656 bcm2708_fb.fbheight=416 bcm2708_fb.fbswap=1 vc_mem.mem_base=0x3ec00000 vc_mem.mem_size=0x40000000  dwc_otg.lpm_enable=0 console=ttyS0,115200 console=tty1 root=PARTUUID=9b9d9611-02 rootfstype=ext4 elevator=deadline fsck.repair=yes rootwait
Jan 17 11:36:46 freshpi kernel: [    0.000000] Kernel parameter elevator= does not have any effect anymore.
Jan 17 11:36:46 freshpi kernel: [    0.000000] Please use sysfs to set IO scheduler for individual devices.
Jan 17 11:36:46 freshpi kernel: [    0.000000] Dentry cache hash table entries: 131072 (order: 7, 524288 bytes, linear)
Jan 17 11:36:46 freshpi kernel: [    0.000000] Inode-cache hash table entries: 65536 (order: 6, 262144 bytes, linear)
Jan 17 11:36:46 freshpi kernel: [    0.000000] mem auto-init: stack:off, heap alloc:off, heap free:off
Jan 17 11:36:46 freshpi kernel: [    0.000000] Memory: 697132K/786432K available (9216K kernel code, 1311K rwdata, 2936K rodata, 1024K init, 860K bss, 23764K reserved, 65536K cma-reserved)
Jan 17 11:36:46 freshpi kernel: [    0.000000] SLUB: HWalign=64, Order=0-3, MinObjects=0, CPUs=4, Nodes=1
Jan 17 11:36:46 freshpi kernel: [    0.000000] ftrace: allocating 31818 entries in 63 pages
Jan 17 11:36:46 freshpi kernel: [    0.000000] ftrace: allocated 63 pages with 6 groups
Jan 17 11:36:46 freshpi kernel: [    0.000000] rcu: Hierarchical RCU implementation.
Jan 17 11:36:46 freshpi kernel: [    0.000000] 	Rude variant of Tasks RCU enabled.
Jan 17 11:36:46 freshpi kernel: [    0.000000] 	Tracing variant of Tasks RCU enabled.
Jan 17 11:36:46 freshpi kernel: [    0.000000] rcu: RCU calculated value of scheduler-enlistment delay is 10 jiffies.
Jan 17 11:36:46 freshpi kernel: [    0.000000] NR_IRQS: 16, nr_irqs: 16, preallocated irqs: 16
Jan 17 11:36:46 freshpi kernel: [    0.000000] random: get_random_bytes called from start_kernel+0x3ac/0x580 with crng_init=0
Jan 17 11:36:46 freshpi kernel: [    0.000000] arch_timer: cp15 timer(s) running at 19.20MHz (phys).
Jan 17 11:36:46 freshpi kernel: [    0.000000] clocksource: arch_sys_counter: mask: 0xffffffffffffff max_cycles: 0x46d987e47, max_idle_ns: 440795202767 ns
Jan 17 11:36:46 freshpi kernel: [    0.000007] sched_clock: 56 bits at 19MHz, resolution 52ns, wraps every 4398046511078ns
Jan 17 11:36:46 freshpi kernel: [    0.000025] Switching to timer-based delay loop, resolution 52ns
Jan 17 11:36:46 freshpi kernel: [    0.000312] Console: colour dummy device 80x30
Jan 17 11:36:46 freshpi kernel: [    0.001166] printk: console [tty1] enabled
Jan 17 11:36:46 freshpi kernel: [    0.001233] Calibrating delay loop (skipped), value calculated using timer frequency.. 38.40 BogoMIPS (lpj=192000)
Jan 17 11:36:46 freshpi kernel: [    0.001292] pid_max: default: 32768 minimum: 301
Jan 17 11:36:46 freshpi kernel: [    0.001509] LSM: Security Framework initializing
Jan 17 11:36:46 freshpi kernel: [    0.001770] Mount-cache hash table entries: 2048 (order: 1, 8192 bytes, linear)
Jan 17 11:36:46 freshpi kernel: [    0.001820] Mountpoint-cache hash table entries: 2048 (order: 1, 8192 bytes, linear)
Jan 17 11:36:46 freshpi kernel: [    0.003429] Disabling memory control group subsystem
Jan 17 11:36:46 freshpi kernel: [    0.003566] CPU: Testing write buffer coherency: ok
Jan 17 11:36:46 freshpi kernel: [    0.004084] CPU0: thread -1, cpu 0, socket 0, mpidr 80000000
Jan 17 11:36:46 freshpi kernel: [    0.005072] Setting up static identity map for 0x100000 - 0x10003c
Jan 17 11:36:46 freshpi kernel: [    0.005300] rcu: Hierarchical SRCU implementation.
Jan 17 11:36:46 freshpi kernel: [    0.006225] smp: Bringing up secondary CPUs ...
Jan 17 11:36:46 freshpi kernel: [    0.007411] CPU1: thread -1, cpu 1, socket 0, mpidr 80000001
Jan 17 11:36:46 freshpi kernel: [    0.008706] CPU2: thread -1, cpu 2, socket 0, mpidr 80000002
Jan 17 11:36:46 freshpi kernel: [    0.009935] CPU3: thread -1, cpu 3, socket 0, mpidr 80000003
Jan 17 11:36:46 freshpi kernel: [    0.010136] smp: Brought up 1 node, 4 CPUs
Jan 17 11:36:46 freshpi kernel: [    0.010189] SMP: Total of 4 processors activated (153.60 BogoMIPS).
Jan 17 11:36:46 freshpi kernel: [    0.010221] CPU: All CPU(s) started in HYP mode.
Jan 17 11:36:46 freshpi kernel: [    0.010248] CPU: Virtualization extensions available.
Jan 17 11:36:46 freshpi kernel: [    0.011186] devtmpfs: initialized
Jan 17 11:36:46 freshpi kernel: [    0.028984] VFP support v0.3: implementor 41 architecture 3 part 40 variant 3 rev 4
Jan 17 11:36:46 freshpi kernel: [    0.029558] clocksource: jiffies: mask: 0xffffffff max_cycles: 0xffffffff, max_idle_ns: 19112604462750000 ns
Jan 17 11:36:46 freshpi kernel: [    0.029619] futex hash table entries: 1024 (order: 4, 65536 bytes, linear)
Jan 17 11:36:46 freshpi kernel: [    0.032944] pinctrl core: initialized pinctrl subsystem
Jan 17 11:36:46 freshpi kernel: [    0.034168] NET: Registered protocol family 16
Jan 17 11:36:46 freshpi kernel: [    0.038476] DMA: preallocated 1024 KiB pool for atomic coherent allocations
Jan 17 11:36:46 freshpi kernel: [    0.044252] audit: initializing netlink subsys (disabled)
Jan 17 11:36:46 freshpi kernel: [    0.044595] audit: type=2000 audit(0.040:1): state=initialized audit_enabled=0 res=1
Jan 17 11:36:46 freshpi kernel: [    0.045202] thermal_sys: Registered thermal governor 'step_wise'
Jan 17 11:36:46 freshpi kernel: [    0.046232] hw-breakpoint: found 5 (+1 reserved) breakpoint and 4 watchpoint registers.
Jan 17 11:36:46 freshpi kernel: [    0.046295] hw-breakpoint: maximum watchpoint size is 8 bytes.
Jan 17 11:36:46 freshpi kernel: [    0.046597] Serial: AMBA PL011 UART driver
Jan 17 11:36:46 freshpi kernel: [    0.064419] bcm2835-mbox 3f00b880.mailbox: mailbox enabled
Jan 17 11:36:46 freshpi kernel: [    0.080155] raspberrypi-firmware soc:firmware: Attached to firmware from 2021-01-14T20:34:59, variant start
Jan 17 11:36:46 freshpi kernel: [    0.090178] raspberrypi-firmware soc:firmware: Firmware hash is 2bca6ac32c3a41538985c9268db5d9f4760e54f1
Jan 17 11:36:46 freshpi kernel: [    0.139314] bcm2835-dma 3f007000.dma: DMA legacy API manager, dmachans=0x1
Jan 17 11:36:46 freshpi kernel: [    0.141875] SCSI subsystem initialized
Jan 17 11:36:46 freshpi kernel: [    0.142161] usbcore: registered new interface driver usbfs
Jan 17 11:36:46 freshpi kernel: [    0.142247] usbcore: registered new interface driver hub
Jan 17 11:36:46 freshpi mtp-probe: checking bus 1, device 3: "/sys/devices/platform/soc/3f980000.usb/usb1/1-1/1-1.1"
Jan 17 11:36:46 freshpi kernel: [    0.142336] usbcore: registered new device driver usb
Jan 17 11:36:46 freshpi kernel: [    0.144367] clocksource: Switched to clocksource arch_sys_counter
Jan 17 11:36:46 freshpi kernel: [    1.871536] VFS: Disk quotas dquot_6.6.0
Jan 17 11:36:46 freshpi kernel: [    1.871678] VFS: Dquot-cache hash table entries: 1024 (order 0, 4096 bytes)
Jan 17 11:36:46 freshpi kernel: [    1.871906] FS-Cache: Loaded
Jan 17 11:36:46 freshpi kernel: [    1.872191] CacheFiles: Loaded
Jan 17 11:36:46 freshpi kernel: [    1.883279] NET: Registered protocol family 2
Jan 17 11:36:46 freshpi kernel: [    1.884437] tcp_listen_portaddr_hash hash table entries: 512 (order: 0, 6144 bytes, linear)
Jan 17 11:36:46 freshpi kernel: [    1.884615] TCP established hash table entries: 8192 (order: 3, 32768 bytes, linear)
Jan 17 11:36:46 freshpi mtp-probe: checking bus 1, device 7: "/sys/devices/platform/soc/3f980000.usb/usb1/1-1/1-1.3/1-1.3.1/1-1.3.1.4"
Jan 17 11:36:46 freshpi kernel: [    1.884762] TCP bind hash table entries: 8192 (order: 4, 65536 bytes, linear)
Jan 17 11:36:46 freshpi kernel: [    1.884976] TCP: Hash tables configured (established 8192 bind 8192)
Jan 17 11:36:46 freshpi kernel: [    1.885173] UDP hash table entries: 512 (order: 2, 16384 bytes, linear)
Jan 17 11:36:46 freshpi kernel: [    1.885252] UDP-Lite hash table entries: 512 (order: 2, 16384 bytes, linear)
Jan 17 11:36:46 freshpi kernel: [    1.885602] NET: Registered protocol family 1
Jan 17 11:36:46 freshpi kernel: [    1.886432] RPC: Registered named UNIX socket transport module.
Jan 17 11:36:46 freshpi mtp-probe: bus: 1, device: 7 was not an MTP device
Jan 17 11:36:46 freshpi kernel: [    1.886467] RPC: Registered udp transport module.
Jan 17 11:36:46 freshpi kernel: [    1.886497] RPC: Registered tcp transport module.
Jan 17 11:36:46 freshpi kernel: [    1.886526] RPC: Registered tcp NFSv4.1 backchannel transport module.
Jan 17 11:36:46 freshpi kernel: [    1.888270] hw perfevents: enabled with armv7_cortex_a7 PMU driver, 7 counters available
Jan 17 11:36:46 freshpi mtp-probe: checking bus 1, device 6: "/sys/devices/platform/soc/3f980000.usb/usb1/1-1/1-1.3/1-1.3.1/1-1.3.1.2"
Jan 17 11:36:46 freshpi kernel: [    1.892036] Initialise system trusted keyrings
Jan 17 11:36:46 freshpi kernel: [    1.892333] workingset: timestamp_bits=14 max_order=18 bucket_order=4
Jan 17 11:36:46 freshpi kernel: [    1.901960] zbud: loaded
Jan 17 11:36:46 freshpi kernel: [    1.904074] FS-Cache: Netfs 'nfs' registered for caching
Jan 17 11:36:46 freshpi kernel: [    1.905047] NFS: Registering the id_resolver key type
Jan 17 11:36:46 freshpi kernel: [    1.905123] Key type id_resolver registered
Jan 17 11:36:46 freshpi mtp-probe: bus: 1, device: 6 was not an MTP device
Jan 17 11:36:46 freshpi mtp-probe: bus: 1, device: 3 was not an MTP device
Jan 17 11:36:46 freshpi mtp-probe: checking bus 1, device 8: "/sys/devices/platform/soc/3f980000.usb/usb1/1-1/1-1.3/1-1.3.1/1-1.3.1.1"
Jan 17 11:36:46 freshpi mtp-probe: bus: 1, device: 8 was not an MTP device
Jan 17 11:36:46 freshpi mtp-probe: checking bus 1, device 8: "/sys/devices/platform/soc/3f980000.usb/usb1/1-1/1-1.3/1-1.3.1/1-1.3.1.1"
Jan 17 11:36:46 freshpi mtp-probe: bus: 1, device: 8 was not an MTP device
Jan 17 11:36:46 freshpi kernel: [    1.905153] Key type id_legacy registered
Jan 17 11:36:46 freshpi kernel: [    1.905339] nfs4filelayout_init: NFSv4 File Layout Driver Registering...
Jan 17 11:36:46 freshpi kernel: [    1.906547] Key type asymmetric registered
Jan 17 11:36:46 freshpi kernel: [    1.906581] Asymmetric key parser 'x509' registered
Jan 17 11:36:46 freshpi kernel: [    1.906654] Block layer SCSI generic (bsg) driver version 0.4 loaded (major 249)
Jan 17 11:36:46 freshpi kernel: [    1.906696] io scheduler mq-deadline registered
Jan 17 11:36:46 freshpi kernel: [    1.906725] io scheduler kyber registered
Jan 17 11:36:46 freshpi kernel: [    1.911572] bcm2708_fb soc:fb: FB found 1 display(s)
Jan 17 11:36:46 freshpi kernel: [    1.923172] Console: switching to colour frame buffer device 82x26
Jan 17 11:36:46 freshpi kernel: [    1.930327] bcm2708_fb soc:fb: Registered framebuffer for display 0, size 656x416
Jan 17 11:36:46 freshpi kernel: [    1.940715] bcm2835-rng 3f104000.rng: hwrng registered
Jan 17 11:36:46 freshpi kernel: [    1.943705] vc-mem: phys_addr:0x00000000 mem_base=0x3ec00000 mem_size:0x40000000(1024 MiB)
Jan 17 11:36:46 freshpi kernel: [    1.949685] gpiomem-bcm2835 3f200000.gpiomem: Initialised: Registers at 0x3f200000
Jan 17 11:36:46 freshpi kernel: [    1.968197] brd: module loaded
Jan 17 11:36:46 freshpi kernel: [    1.982979] loop: module loaded
Jan 17 11:36:46 freshpi kernel: [    1.987152] Loading iSCSI transport class v2.0-870.
Jan 17 11:36:46 freshpi kernel: [    1.991345] libphy: Fixed MDIO Bus: probed
Jan 17 11:36:46 freshpi kernel: [    1.994262] usbcore: registered new interface driver lan78xx
Jan 17 11:36:46 freshpi kernel: [    1.997007] usbcore: registered new interface driver smsc95xx
Jan 17 11:36:46 freshpi kernel: [    1.999549] dwc_otg: version 3.00a 10-AUG-2012 (platform bus)
Jan 17 11:36:46 freshpi kernel: [    2.730364] Core Release: 2.80a
Jan 17 11:36:46 freshpi kernel: [    2.732844] Setting default values for core params
Jan 17 11:36:46 freshpi kernel: [    2.735322] Finished setting default values for core params
Jan 17 11:36:46 freshpi kernel: [    2.938158] Using Buffer DMA mode
Jan 17 11:36:46 freshpi kernel: [    2.940618] Periodic Transfer Interrupt Enhancement - disabled
Jan 17 11:36:46 freshpi kernel: [    2.943154] Multiprocessor Interrupt Enhancement - disabled
Jan 17 11:36:46 freshpi kernel: [    2.945698] OTG VER PARAM: 0, OTG VER FLAG: 0
Jan 17 11:36:46 freshpi kernel: [    2.948182] Dedicated Tx FIFOs mode
Jan 17 11:36:46 freshpi kernel: [    2.951011] 
Jan 17 11:36:46 freshpi kernel: [    2.951032] WARN::dwc_otg_hcd_init:1074: FIQ DMA bounce buffers: virt = aad04000 dma = 0xead04000 len=9024
Jan 17 11:36:46 freshpi kernel: [    2.957984] FIQ FSM acceleration enabled for :
Jan 17 11:36:46 freshpi kernel: [    2.957984] Non-periodic Split Transactions
Jan 17 11:36:46 freshpi kernel: [    2.957984] Periodic Split Transactions
Jan 17 11:36:46 freshpi kernel: [    2.957984] High-Speed Isochronous Endpoints
Jan 17 11:36:46 freshpi kernel: [    2.957984] Interrupt/Control Split Transaction hack enabled
Jan 17 11:36:46 freshpi kernel: [    2.968922] 
Jan 17 11:36:46 freshpi kernel: [    2.968932] WARN::hcd_init_fiq:457: FIQ on core 1
Jan 17 11:36:46 freshpi kernel: [    2.973228] 
Jan 17 11:36:46 freshpi kernel: [    2.973238] WARN::hcd_init_fiq:458: FIQ ASM at 807ba6e0 length 36
Jan 17 11:36:46 freshpi kernel: [    2.977661] 
Jan 17 11:36:46 freshpi kernel: [    2.977670] WARN::hcd_init_fiq:497: MPHI regs_base at b0810000
Jan 17 11:36:46 freshpi kernel: [    2.982139] dwc_otg 3f980000.usb: DWC OTG Controller
Jan 17 11:36:46 freshpi kernel: [    2.984467] dwc_otg 3f980000.usb: new USB bus registered, assigned bus number 1
Jan 17 11:36:46 freshpi kernel: [    2.986841] dwc_otg 3f980000.usb: irq 89, io mem 0x00000000
Jan 17 11:36:46 freshpi kernel: [    2.989163] Init: Port Power? op_state=1
Jan 17 11:36:46 freshpi kernel: [    2.991392] Init: Power Port (0)
Jan 17 11:36:46 freshpi kernel: [    2.993910] usb usb1: New USB device found, idVendor=1d6b, idProduct=0002, bcdDevice= 5.10
Jan 17 11:36:46 freshpi kernel: [    2.998528] usb usb1: New USB device strings: Mfr=3, Product=2, SerialNumber=1
Jan 17 11:36:46 freshpi kernel: [    3.000991] usb usb1: Product: DWC OTG Controller
Jan 17 11:36:46 freshpi kernel: [    3.003354] usb usb1: Manufacturer: Linux 5.10.7-v7+ dwc_otg_hcd
Jan 17 11:36:46 freshpi kernel: [    3.005766] usb usb1: SerialNumber: 3f980000.usb
Jan 17 11:36:46 freshpi kernel: [    3.008893] hub 1-0:1.0: USB hub found
Jan 17 11:36:46 freshpi kernel: [    3.011327] hub 1-0:1.0: 1 port detected
Jan 17 11:36:46 freshpi kernel: [    3.015160] usbcore: registered new interface driver usb-storage
Jan 17 11:36:46 freshpi kernel: [    3.017794] mousedev: PS/2 mouse device common for all mice
Jan 17 11:36:46 freshpi kernel: [    3.021383] bcm2835-wdt bcm2835-wdt: Broadcom BCM2835 watchdog timer
Jan 17 11:36:46 freshpi kernel: [    3.026582] sdhci: Secure Digital Host Controller Interface driver
Jan 17 11:36:46 freshpi kernel: [    3.029118] sdhci: Copyright(c) Pierre Ossman
Jan 17 11:36:46 freshpi kernel: [    3.032199] mmc-bcm2835 3f300000.mmcnr: could not get clk, deferring probe
Jan 17 11:36:46 freshpi kernel: [    3.035582] sdhost-bcm2835 3f202000.mmc: could not get clk, deferring probe
Jan 17 11:36:46 freshpi kernel: [    3.038392] sdhci-pltfm: SDHCI platform and OF driver helper
Jan 17 11:36:46 freshpi kernel: [    3.042822] ledtrig-cpu: registered to indicate activity on CPUs
Jan 17 11:36:46 freshpi kernel: [    3.045875] hid: raw HID events driver (C) Jiri Kosina
Jan 17 11:36:46 freshpi kernel: [    3.048666] usbcore: registered new interface driver usbhid
Jan 17 11:36:46 freshpi kernel: [    3.051265] usbhid: USB HID core driver
Jan 17 11:36:46 freshpi kernel: [    3.058933] Initializing XFRM netlink socket
Jan 17 11:36:46 freshpi kernel: [    3.061538] NET: Registered protocol family 17
Jan 17 11:36:46 freshpi kernel: [    3.064142] Key type dns_resolver registered
Jan 17 11:36:46 freshpi kernel: [    3.067240] Registering SWP/SWPB emulation handler
Jan 17 11:36:46 freshpi kernel: [    3.069747] registered taskstats version 1
Jan 17 11:36:46 freshpi kernel: [    3.072074] Loading compiled-in X.509 certificates
Jan 17 11:36:46 freshpi kernel: [    3.075318] Key type ._fscrypt registered
Jan 17 11:36:46 freshpi kernel: [    3.077638] Key type .fscrypt registered
Jan 17 11:36:46 freshpi kernel: [    3.079951] Key type fscrypt-provisioning registered
Jan 17 11:36:46 freshpi kernel: [    3.093633] uart-pl011 3f201000.serial: cts_event_workaround enabled
Jan 17 11:36:46 freshpi kernel: [    3.096182] 3f201000.serial: ttyAMA0 at MMIO 0x3f201000 (irq = 114, base_baud = 0) is a PL011 rev2
Jan 17 11:36:46 freshpi kernel: [    3.103189] bcm2835-power bcm2835-power: Broadcom BCM2835 power domains driver
Jan 17 11:36:46 freshpi kernel: [    3.107376] mmc-bcm2835 3f300000.mmcnr: mmc_debug:0 mmc_debug2:0
Jan 17 11:36:46 freshpi kernel: [    3.109844] mmc-bcm2835 3f300000.mmcnr: DMA channel allocated
Jan 17 11:36:46 freshpi kernel: [    3.138822] sdhost: log_buf @ (ptrval) (ead07000)
Jan 17 11:36:46 freshpi kernel: [    3.176736] mmc1: queuing unknown CIS tuple 0x80 (2 bytes)
Jan 17 11:36:46 freshpi kernel: [    3.180703] mmc1: queuing unknown CIS tuple 0x80 (3 bytes)
Jan 17 11:36:46 freshpi kernel: [    3.184570] mmc1: queuing unknown CIS tuple 0x80 (3 bytes)
Jan 17 11:36:46 freshpi kernel: [    3.188110] mmc0: sdhost-bcm2835 loaded - DMA enabled (>1)
Jan 17 11:36:46 freshpi kernel: [    3.193164] of_cfs_init
Jan 17 11:36:46 freshpi kernel: [    3.195605] of_cfs_init: OK
Jan 17 11:36:46 freshpi kernel: [    3.198775] Waiting for root device PARTUUID=9b9d9611-02...
Jan 17 11:36:46 freshpi kernel: [    3.212171] mmc1: queuing unknown CIS tuple 0x80 (7 bytes)
Jan 17 11:36:46 freshpi kernel: [    3.224560] Indeed it is in host mode hprt0 = 00021501
Jan 17 11:36:46 freshpi kernel: [    3.296644] random: fast init done
Jan 17 11:36:46 freshpi kernel: [    3.341213] mmc0: host does not support reading read-only switch, assuming write-enable
Jan 17 11:36:46 freshpi kernel: [    3.350056] mmc0: new high speed SDHC card at address e624
Jan 17 11:36:46 freshpi kernel: [    3.353579] mmcblk0: mmc0:e624 SC32G 29.7 GiB
Jan 17 11:36:46 freshpi kernel: [    3.361934]  mmcblk0: p1 p2
Jan 17 11:36:46 freshpi kernel: [    3.390063] mmc1: new high speed SDIO card at address 0001
Jan 17 11:36:46 freshpi kernel: [    3.390808] EXT4-fs (mmcblk0p2): mounted filesystem with ordered data mode. Opts: (null)
Jan 17 11:36:46 freshpi kernel: [    3.396868] VFS: Mounted root (ext4 filesystem) readonly on device 179:2.
Jan 17 11:36:46 freshpi kernel: [    3.402198] devtmpfs: mounted
Jan 17 11:36:46 freshpi kernel: [    3.411472] Freeing unused kernel memory: 1024K
Jan 17 11:36:46 freshpi kernel: [    3.424848] Run /sbin/init as init process
Jan 17 11:36:46 freshpi kernel: [    3.434411] usb 1-1: new high-speed USB device number 2 using dwc_otg
Jan 17 11:36:46 freshpi kernel: [    3.437162] Indeed it is in host mode hprt0 = 00001101
Jan 17 11:36:46 freshpi kernel: [    3.694858] usb 1-1: New USB device found, idVendor=0424, idProduct=9514, bcdDevice= 2.00
Jan 17 11:36:46 freshpi kernel: [    3.700229] usb 1-1: New USB device strings: Mfr=0, Product=0, SerialNumber=0
Jan 17 11:36:46 freshpi kernel: [    3.703970] hub 1-1:1.0: USB hub found
Jan 17 11:36:46 freshpi rsyslogd: imuxsock: Acquired UNIX socket '/run/systemd/journal/syslog' (fd 3) from systemd.  [v8.1901.0]
Jan 17 11:36:46 freshpi rsyslogd:  [origin software="rsyslogd" swVersion="8.1901.0" x-pid="383" x-info="https://www.rsyslog.com"] start
Jan 17 11:36:46 freshpi kernel: [    3.706936] hub 1-1:1.0: 5 ports detected
Jan 17 11:36:46 freshpi kernel: [    4.024420] usb 1-1.1: new high-speed USB device number 3 using dwc_otg
Jan 17 11:36:46 freshpi kernel: [    4.174855] usb 1-1.1: New USB device found, idVendor=0424, idProduct=ec00, bcdDevice= 2.00
Jan 17 11:36:46 freshpi kernel: [    4.180418] usb 1-1.1: New USB device strings: Mfr=0, Product=0, SerialNumber=0
Jan 17 11:36:46 freshpi kernel: [    4.186214] smsc95xx v2.0.0
Jan 17 11:36:46 freshpi kernel: [    4.278568] libphy: smsc95xx-mdiobus: probed
Jan 17 11:36:46 freshpi kernel: [    4.282543] smsc95xx 1-1.1:1.0 eth0: register 'smsc95xx' at usb-3f980000.usb-1.1, smsc95xx USB 2.0 Ethernet, b8:27:eb:1c:0c:1f
Jan 17 11:36:46 freshpi kernel: [    4.300404] NET: Registered protocol family 10
Jan 17 11:36:46 freshpi kernel: [    4.304912] Segment Routing with IPv6
Jan 17 11:36:46 freshpi kernel: [    4.384419] usb 1-1.3: new high-speed USB device number 4 using dwc_otg
Jan 17 11:36:46 freshpi kernel: [    4.515891] usb 1-1.3: New USB device found, idVendor=05e3, idProduct=0608, bcdDevice=85.36
Jan 17 11:36:46 freshpi kernel: [    4.515908] usb 1-1.3: New USB device strings: Mfr=0, Product=1, SerialNumber=0
Jan 17 11:36:46 freshpi kernel: [    4.515921] usb 1-1.3: Product: USB2.0 Hub
Jan 17 11:36:46 freshpi kernel: [    4.516840] hub 1-1.3:1.0: USB hub found
Jan 17 11:36:46 freshpi kernel: [    4.532395] hub 1-1.3:1.0: 4 ports detected
Jan 17 11:36:46 freshpi kernel: [    4.864436] usb 1-1.3.1: new high-speed USB device number 5 using dwc_otg
Jan 17 11:36:46 freshpi kernel: [    4.995918] usb 1-1.3.1: New USB device found, idVendor=05e3, idProduct=0608, bcdDevice=85.36
Jan 17 11:36:46 freshpi kernel: [    5.001619] usb 1-1.3.1: New USB device strings: Mfr=0, Product=1, SerialNumber=0
Jan 17 11:36:46 freshpi kernel: [    5.007484] usb 1-1.3.1: Product: USB2.0 Hub
Jan 17 11:36:46 freshpi kernel: [    5.011384] hub 1-1.3.1:1.0: USB hub found
Jan 17 11:36:46 freshpi kernel: [    5.014542] hub 1-1.3.1:1.0: 4 ports detected
Jan 17 11:36:46 freshpi kernel: [    5.344433] usb 1-1.3.1.2: new high-speed USB device number 6 using dwc_otg
Jan 17 11:36:46 freshpi kernel: [    5.490931] usb 1-1.3.1.2: New USB device found, idVendor=05ac, idProduct=1402, bcdDevice= 0.01
Jan 17 11:36:46 freshpi kernel: [    5.496293] usb 1-1.3.1.2: New USB device strings: Mfr=1, Product=2, SerialNumber=3
Jan 17 11:36:46 freshpi kernel: [    5.501597] usb 1-1.3.1.2: Product: Apple USB Ethernet Adapter
Jan 17 11:36:46 freshpi kernel: [    5.504274] usb 1-1.3.1.2: Manufacturer: Apple Inc.      
Jan 17 11:36:46 freshpi kernel: [    5.506925] usb 1-1.3.1.2: SerialNumber: 0515DF
Jan 17 11:36:46 freshpi kernel: [    5.604429] usb 1-1.3.1.4: new high-speed USB device number 7 using dwc_otg
Jan 17 11:36:46 freshpi kernel: [    5.815559] usb 1-1.3.1.4: New USB device found, idVendor=1058, idProduct=25a3, bcdDevice=10.19
Jan 17 11:36:46 freshpi kernel: [    5.822287] usb 1-1.3.1.4: New USB device strings: Mfr=1, Product=2, SerialNumber=3
Jan 17 11:36:46 freshpi kernel: [    5.828981] usb 1-1.3.1.4: Product: Elements 25A3
Jan 17 11:36:46 freshpi kernel: [    5.832342] usb 1-1.3.1.4: Manufacturer: Western Digital
Jan 17 11:36:46 freshpi kernel: [    5.835732] usb 1-1.3.1.4: SerialNumber: 574343374B34465945553850
Jan 17 11:36:46 freshpi kernel: [    5.840043] usb-storage 1-1.3.1.4:1.0: USB Mass Storage device detected
Jan 17 11:36:46 freshpi kernel: [    5.844803] scsi host0: usb-storage 1-1.3.1.4:1.0
Jan 17 11:36:46 freshpi kernel: [    5.865095] random: systemd: uninitialized urandom read (16 bytes read)
Jan 17 11:36:46 freshpi kernel: [    5.886461] random: systemd: uninitialized urandom read (16 bytes read)
Jan 17 11:36:46 freshpi kernel: [    5.898027] random: systemd: uninitialized urandom read (16 bytes read)
Jan 17 11:36:46 freshpi kernel: [    6.194763] i2c /dev entries driver
Jan 17 11:36:46 freshpi kernel: [    6.300326] Installing knfsd (copyright (C) 1996 okir@monad.swb.de).
Jan 17 11:36:46 freshpi kernel: [    6.825187] EXT4-fs (mmcblk0p2): re-mounted. Opts: (null)
Jan 17 11:36:46 freshpi kernel: [    6.875457] scsi 0:0:0:0: Direct-Access     WD       Elements 25A3    1019 PQ: 0 ANSI: 6
Jan 17 11:36:46 freshpi kernel: [    6.878579] sd 0:0:0:0: [sda] Spinning up disk...
Jan 17 11:36:46 freshpi kernel: [    7.842023] vc_sm_cma: module is from the staging directory, the quality is unknown, you have been warned.
Jan 17 11:36:46 freshpi kernel: [    7.844624] bcm2835_vc_sm_cma_probe: Videocore shared memory driver
Jan 17 11:36:46 freshpi kernel: [    7.844655] [vc_sm_connected_init]: start
Jan 17 11:36:46 freshpi kernel: [    7.848667] [vc_sm_connected_init]: installed successfully
Jan 17 11:36:46 freshpi kernel: [    7.857725] mc: Linux media interface: v0.10
Jan 17 11:36:46 freshpi kernel: [    7.908627] videodev: Linux video capture interface: v2.00
Jan 17 11:36:46 freshpi kernel: [    7.915046] .
Jan 17 11:36:46 freshpi kernel: [    7.941289] bcm2835_mmal_vchiq: module is from the staging directory, the quality is unknown, you have been warned.
Jan 17 11:36:46 freshpi kernel: [    7.942623] bcm2835_mmal_vchiq: module is from the staging directory, the quality is unknown, you have been warned.
Jan 17 11:36:46 freshpi kernel: [    7.965948] bcm2835_codec: module is from the staging directory, the quality is unknown, you have been warned.
Jan 17 11:36:46 freshpi kernel: [    7.972279] bcm2835_isp: module is from the staging directory, the quality is unknown, you have been warned.
Jan 17 11:36:46 freshpi kernel: [    7.980018] snd_bcm2835: module is from the staging directory, the quality is unknown, you have been warned.
Jan 17 11:36:46 freshpi kernel: [    7.980358] bcm2835_v4l2: module is from the staging directory, the quality is unknown, you have been warned.
Jan 17 11:36:46 freshpi kernel: [    7.983366] bcm2835-codec bcm2835-codec: Device registered as /dev/video10
Jan 17 11:36:46 freshpi kernel: [    7.983426] bcm2835-codec bcm2835-codec: Loaded V4L2 decode
Jan 17 11:36:46 freshpi kernel: [    7.996816] bcm2835-isp bcm2835-isp: Device node output[0] registered as /dev/video13
Jan 17 11:36:46 freshpi kernel: [    7.996914] bcm2835-codec bcm2835-codec: Device registered as /dev/video11
Jan 17 11:36:46 freshpi kernel: [    7.996961] bcm2835-codec bcm2835-codec: Loaded V4L2 encode
Jan 17 11:36:46 freshpi kernel: [    7.997571] bcm2835-isp bcm2835-isp: Device node capture[0] registered as /dev/video14
Jan 17 11:36:46 freshpi kernel: [    7.998121] bcm2835-isp bcm2835-isp: Device node capture[1] registered as /dev/video15
Jan 17 11:36:46 freshpi kernel: [    7.998463] bcm2835-isp bcm2835-isp: Device node stats[2] registered as /dev/video16
Jan 17 11:36:46 freshpi kernel: [    7.998495] bcm2835-isp bcm2835-isp: Register output node 0 with media controller
Jan 17 11:36:46 freshpi kernel: [    7.998519] bcm2835-isp bcm2835-isp: Register capture node 1 with media controller
Jan 17 11:36:46 freshpi kernel: [    7.998540] bcm2835-isp bcm2835-isp: Register capture node 2 with media controller
Jan 17 11:36:46 freshpi kernel: [    7.998560] bcm2835-isp bcm2835-isp: Register capture node 3 with media controller
Jan 17 11:36:46 freshpi kernel: [    7.998766] bcm2835-isp bcm2835-isp: Loaded V4L2 bcm2835-isp
Jan 17 11:36:46 freshpi kernel: [    8.004206] bcm2835-codec bcm2835-codec: Device registered as /dev/video12
Jan 17 11:36:46 freshpi kernel: [    8.004261] bcm2835-codec bcm2835-codec: Loaded V4L2 isp
Jan 17 11:36:46 freshpi kernel: [    8.008438] bcm2835_audio bcm2835_audio: card created with 8 channels
Jan 17 11:36:46 freshpi kernel: [    8.337929] cfg80211: Loading compiled-in X.509 certificates for regulatory database
Jan 17 11:36:46 freshpi kernel: [    8.490952] cfg80211: Loaded X.509 cert 'sforshee: 00b28ddf47aef9cea7'
Jan 17 11:36:46 freshpi kernel: [    8.578389] usbcore: registered new interface driver brcmfmac
Jan 17 11:36:46 freshpi kernel: [    8.604589] brcmfmac mmc1:0001:1: Direct firmware load for brcm/brcmfmac43430-sdio.raspberrypi,3-model-b.txt failed with error -2
Jan 17 11:36:46 freshpi kernel: [    8.672674] usbcore: registered new interface driver uas
Jan 17 11:36:46 freshpi kernel: [    8.874467] usb 1-1.3.1.1: new full-speed USB device number 8 using dwc_otg
Jan 17 11:36:46 freshpi kernel: [    8.954462] .
Jan 17 11:36:46 freshpi kernel: [    8.974334] sd 0:0:0:0: Attached scsi generic sg0 type 0
Jan 17 11:36:46 freshpi kernel: [    9.048946] usb 1-1.3.1.1: New USB device found, idVendor=0582, idProduct=0074, bcdDevice= 1.07
Jan 17 11:36:46 freshpi kernel: [    9.049034] usb 1-1.3.1.1: New USB device strings: Mfr=1, Product=2, SerialNumber=0
Jan 17 11:36:46 freshpi kernel: [    9.049099] usb 1-1.3.1.1: Product: EDIROL UA-25
Jan 17 11:36:46 freshpi kernel: [    9.049158] usb 1-1.3.1.1: Manufacturer: Roland
Jan 17 11:36:46 freshpi kernel: [    9.425364] usbcore: registered new interface driver snd-usb-audio
Jan 17 11:36:46 freshpi kernel: [    9.654587] asix 1-1.3.1.2:1.0 eth1: register 'asix' at usb-3f980000.usb-1.3.1.2, ASIX AX88772 USB 2.0 Ethernet, 00:25:4b:fc:94:57
Jan 17 11:36:46 freshpi kernel: [    9.654890] usbcore: registered new interface driver asix
Jan 17 11:36:46 freshpi kernel: [    9.994455] .
Jan 17 11:36:46 freshpi kernel: [   11.034396] .......ready
Jan 17 11:36:46 freshpi kernel: [   17.274874] sd 0:0:0:0: [sda] Very big device. Trying to use READ CAPACITY(16).
Jan 17 11:36:46 freshpi kernel: [   17.275166] sd 0:0:0:0: [sda] 7813969920 512-byte logical blocks: (4.00 TB/3.64 TiB)
Jan 17 11:36:46 freshpi kernel: [   17.275184] sd 0:0:0:0: [sda] 4096-byte physical blocks
Jan 17 11:36:46 freshpi kernel: [   17.275593] sd 0:0:0:0: [sda] Write Protect is off
Jan 17 11:36:46 freshpi kernel: [   17.373668]  sda: sda1
Jan 17 11:36:46 freshpi kernel: [   17.376876] sd 0:0:0:0: [sda] Attached SCSI disk
Jan 17 11:36:46 freshpi kernel: [   17.877569] random: crng init done
Jan 17 11:36:46 freshpi kernel: [   17.877592] random: 7 urandom warning(s) missed due to ratelimiting
Jan 17 11:36:46 freshpi kernel: [   33.753522] EXT4-fs (sda1): mounted filesystem with ordered data mode. Opts: (null)
Jan 17 11:36:46 freshpi kernel: [   34.875668] uart-pl011 3f201000.serial: no DMA platform data
Jan 17 11:36:47 freshpi kernel: [   35.218606] 8021q: 802.1Q VLAN Support v1.8
Jan 17 11:36:47 freshpi udisksd[392]: udisks daemon version 2.8.1 starting
Jan 17 11:36:48 freshpi udisksd[392]: failed to load module mdraid: libbd_mdraid.so.2: cannot open shared object file: No such file or directory
Jan 17 11:36:48 freshpi udisksd[392]: Failed to load the 'mdraid' libblockdev plugin
Jan 17 11:36:48 freshpi kernel: [   36.717553] SMSC LAN8700 usb-001:003:01: attached PHY driver [SMSC LAN8700] (mii_bus:phy_addr=usb-001:003:01, irq=POLL)
Jan 17 11:36:48 freshpi kernel: [   36.718068] smsc95xx 1-1.1:1.0 eth0: hardware isn't capable of remote wakeup
Jan 17 11:36:48 freshpi kernel: [   36.729704] IPv6: ADDRCONF(NETDEV_CHANGE): eth1: link becomes ready
Jan 17 11:36:48 freshpi kernel: [   36.733473] asix 1-1.3.1.2:1.0 eth1: link up, 100Mbps, full-duplex, lpa 0x4DE1
Jan 17 11:36:48 freshpi kernel: [   36.740261] smsc95xx 1-1.1:1.0 eth0: Link is Down
Jan 17 11:36:48 freshpi kernel: [   36.755108] asix 1-1.3.1.2:1.0 eth1: link up, 100Mbps, full-duplex, lpa 0x4DE1
Jan 17 11:36:48 freshpi udisksd[392]: Acquired the name org.freedesktop.UDisks2 on the system message bus
Jan 17 11:36:49 freshpi kernel: [   37.625078] IPv6: ADDRCONF(NETDEV_CHANGE): wlan0: link becomes ready
Jan 17 11:36:49 freshpi kernel: [   37.877651] NET: Registered protocol family 3
Jan 17 11:36:49 freshpi kernel: [   37.957619] NET: Registered protocol family 5
Jan 17 11:36:49 freshpi kernel: [   38.120002] input: VNCServer Mouse as /devices/virtual/input/input0
Jan 17 11:36:49 freshpi kernel: [   38.124250] input: VNCServer Keyboard as /devices/virtual/input/input1
Jan 17 11:36:50 freshpi kernel: [   38.796866] smsc95xx 1-1.1:1.0 eth0: Link is Up - 100Mbps/Full - flow control off
Jan 17 11:36:50 freshpi kernel: [   38.796932] IPv6: ADDRCONF(NETDEV_CHANGE): eth0: link becomes ready
Jan 17 11:36:51 freshpi kernel: [   39.318157] NFSD: Using UMH upcall client tracking operations.
Jan 17 11:36:51 freshpi kernel: [   39.318187] NFSD: starting 90-second grace period (net f00005c9)
Jan 17 11:36:51 freshpi kernel: [   39.631391] Bluetooth: Core ver 2.22
Jan 17 11:36:51 freshpi kernel: [   39.631538] NET: Registered protocol family 31
Jan 17 11:36:51 freshpi kernel: [   39.631552] Bluetooth: HCI device and connection manager initialized
Jan 17 11:36:51 freshpi kernel: [   39.631588] Bluetooth: HCI socket layer initialized
Jan 17 11:36:51 freshpi kernel: [   39.631610] Bluetooth: L2CAP socket layer initialized
Jan 17 11:36:51 freshpi kernel: [   39.631662] Bluetooth: SCO socket layer initialized
Jan 17 11:36:51 freshpi kernel: [   39.669434] Bluetooth: HCI UART driver ver 2.3
Jan 17 11:36:51 freshpi kernel: [   39.669462] Bluetooth: HCI UART protocol H4 registered
Jan 17 11:36:51 freshpi kernel: [   39.669603] Bluetooth: HCI UART protocol Three-wire (H5) registered
Jan 17 11:36:51 freshpi kernel: [   39.669914] Bluetooth: HCI UART protocol Broadcom registered
Jan 17 11:36:51 freshpi lightdm[575]: Error getting user list from org.freedesktop.Accounts: GDBus.Error:org.freedesktop.DBus.Error.ServiceUnknown: The name org.freedesktop.Accounts was not provided by any .service files
Jan 17 11:36:52 freshpi kernel: [   40.637645] Bluetooth: BNEP (Ethernet Emulation) ver 1.3
Jan 17 11:36:52 freshpi kernel: [   40.637674] Bluetooth: BNEP filters: protocol multicast
Jan 17 11:36:52 freshpi kernel: [   40.637725] Bluetooth: BNEP socket layer initialized
Jan 17 11:36:52 freshpi kernel: [   40.784910] Bluetooth: RFCOMM TTY layer initialized
Jan 17 11:36:52 freshpi kernel: [   40.784953] Bluetooth: RFCOMM socket layer initialized
Jan 17 11:36:52 freshpi kernel: [   40.785013] Bluetooth: RFCOMM ver 1.11
Jan 17 11:36:53 freshpi lightdm[849]: Error getting user list from org.freedesktop.Accounts: GDBus.Error:org.freedesktop.DBus.Error.ServiceUnknown: The name org.freedesktop.Accounts was not provided by any .service files
Jan 17 11:36:53 freshpi lightdm[895]: Error getting user list from org.freedesktop.Accounts: GDBus.Error:org.freedesktop.DBus.Error.ServiceUnknown: The name org.freedesktop.Accounts was not provided by any .service files
Jan 17 11:36:54 freshpi lightdm[918]: Error getting user list from org.freedesktop.Accounts: GDBus.Error:org.freedesktop.DBus.Error.ServiceUnknown: The name org.freedesktop.Accounts was not provided by any .service files
Jan 17 11:36:55 freshpi lightdm[927]: Error getting user list from org.freedesktop.Accounts: GDBus.Error:org.freedesktop.DBus.Error.ServiceUnknown: The name org.freedesktop.Accounts was not provided by any .service files
Jan 17 11:37:02 freshpi colord[1083]: failed to get session [pid 379]: No data available
Jan 17 11:37:05 freshpi colord[1083]: failed to get session [pid 379]: No data available
Jan 17 11:37:10 freshpi colord[1083]: failed to get session [pid 1089]: No data available
Jan 17 12:00:45 freshpi kernel: [    0.000000] Booting Linux on physical CPU 0x0
Jan 17 12:00:45 freshpi kernel: [    0.000000] Linux version 5.10.7-v7+ (dom@buildbot) (arm-linux-gnueabihf-gcc-8 (Ubuntu/Linaro 8.4.0-3ubuntu1) 8.4.0, GNU ld (GNU Binutils for Ubuntu) 2.34) #1394 SMP Thu Jan 14 20:23:13 GMT 2021
Jan 17 12:00:45 freshpi kernel: [    0.000000] CPU: ARMv7 Processor [410fd034] revision 4 (ARMv7), cr=10c5383d
Jan 17 12:00:45 freshpi kernel: [    0.000000] CPU: div instructions available: patching division code
Jan 17 12:00:45 freshpi kernel: [    0.000000] CPU: PIPT / VIPT nonaliasing data cache, VIPT aliasing instruction cache
Jan 17 12:00:45 freshpi kernel: [    0.000000] OF: fdt: Machine model: Raspberry Pi 3 Model B Rev 1.2
Jan 17 12:00:45 freshpi kernel: [    0.000000] Memory policy: Data cache writealloc
Jan 17 12:00:45 freshpi kernel: [    0.000000] Reserved memory: created CMA memory pool at 0x2ac00000, size 64 MiB
Jan 17 12:00:45 freshpi kernel: [    0.000000] OF: reserved mem: initialized node linux,cma, compatible id shared-dma-pool
Jan 17 12:00:45 freshpi kernel: [    0.000000] Zone ranges:
Jan 17 12:00:45 freshpi kernel: [    0.000000]   DMA      [mem 0x0000000000000000-0x000000002fffffff]
Jan 17 12:00:45 freshpi kernel: [    0.000000]   Normal   empty
Jan 17 12:00:45 freshpi kernel: [    0.000000] Movable zone start for each node
Jan 17 12:00:45 freshpi kernel: [    0.000000] Early memory node ranges
Jan 17 12:00:45 freshpi kernel: [    0.000000]   node   0: [mem 0x0000000000000000-0x000000002fffffff]
Jan 17 12:00:45 freshpi kernel: [    0.000000] Initmem setup node 0 [mem 0x0000000000000000-0x000000002fffffff]
Jan 17 12:00:45 freshpi kernel: [    0.000000] percpu: Embedded 20 pages/cpu s50636 r8192 d23092 u81920
Jan 17 12:00:45 freshpi kernel: [    0.000000] Built 1 zonelists, mobility grouping on.  Total pages: 194880
